Archive member included because of file (symbol)

c:/chibistudio/tools/gnu tools arm embedded/4.7 2014q2/bin/../lib/gcc/arm-none-eabi/4.7.4/armv7e-m\libgcc.a(_arm_addsubsf3.o)
                              build/obj/ginput_mouse.o (__aeabi_fsub)
c:/chibistudio/tools/gnu tools arm embedded/4.7 2014q2/bin/../lib/gcc/arm-none-eabi/4.7.4/armv7e-m\libgcc.a(_arm_muldivsf3.o)
                              build/obj/ginput_mouse.o (__aeabi_fmul)
c:/chibistudio/tools/gnu tools arm embedded/4.7 2014q2/bin/../lib/gcc/arm-none-eabi/4.7.4/armv7e-m\libgcc.a(_arm_fixsfsi.o)
                              build/obj/ginput_mouse.o (__aeabi_f2iz)
c:/chibistudio/tools/gnu tools arm embedded/4.7 2014q2/bin/../lib/gcc/arm-none-eabi/4.7.4/../../../../arm-none-eabi/lib/armv7e-m\libg.a(lib_a-atoi.o)
                              build/obj/sdcard.o (atoi)
c:/chibistudio/tools/gnu tools arm embedded/4.7 2014q2/bin/../lib/gcc/arm-none-eabi/4.7.4/../../../../arm-none-eabi/lib/armv7e-m\libg.a(lib_a-ctype_.o)
                              build/obj/slre.o (__ctype_ptr__)
c:/chibistudio/tools/gnu tools arm embedded/4.7 2014q2/bin/../lib/gcc/arm-none-eabi/4.7.4/../../../../arm-none-eabi/lib/armv7e-m\libg.a(lib_a-memcpy.o)
                              build/obj/sdc_lld.o (memcpy)
c:/chibistudio/tools/gnu tools arm embedded/4.7 2014q2/bin/../lib/gcc/arm-none-eabi/4.7.4/../../../../arm-none-eabi/lib/armv7e-m\libg.a(lib_a-memset.o)
                              build/obj/gdriver.o (memset)
c:/chibistudio/tools/gnu tools arm embedded/4.7 2014q2/bin/../lib/gcc/arm-none-eabi/4.7.4/../../../../arm-none-eabi/lib/armv7e-m\libg.a(lib_a-strcat.o)
                              build/obj/gui_t.o (strcat)
c:/chibistudio/tools/gnu tools arm embedded/4.7 2014q2/bin/../lib/gcc/arm-none-eabi/4.7.4/../../../../arm-none-eabi/lib/armv7e-m\libg.a(lib_a-strchr.o)
                              build/obj/slre.o (strchr)
c:/chibistudio/tools/gnu tools arm embedded/4.7 2014q2/bin/../lib/gcc/arm-none-eabi/4.7.4/../../../../arm-none-eabi/lib/armv7e-m\libg.a(lib_a-strcmp.o)
                              build/obj/gwin_list.o (strcmp)
c:/chibistudio/tools/gnu tools arm embedded/4.7 2014q2/bin/../lib/gcc/arm-none-eabi/4.7.4/../../../../arm-none-eabi/lib/armv7e-m\libg.a(lib_a-strcpy.o)
                              build/obj/gwin_widget.o (strcpy)
c:/chibistudio/tools/gnu tools arm embedded/4.7 2014q2/bin/../lib/gcc/arm-none-eabi/4.7.4/../../../../arm-none-eabi/lib/armv7e-m\libg.a(lib_a-strlcat.o)
                              build/obj/mainScreen.o (strlcat)
c:/chibistudio/tools/gnu tools arm embedded/4.7 2014q2/bin/../lib/gcc/arm-none-eabi/4.7.4/../../../../arm-none-eabi/lib/armv7e-m\libg.a(lib_a-strlcpy.o)
                              build/obj/calls_t.o (strlcpy)
c:/chibistudio/tools/gnu tools arm embedded/4.7 2014q2/bin/../lib/gcc/arm-none-eabi/4.7.4/../../../../arm-none-eabi/lib/armv7e-m\libg.a(lib_a-strlen.o)
                              build/obj/gwin_widget.o (strlen)
c:/chibistudio/tools/gnu tools arm embedded/4.7 2014q2/bin/../lib/gcc/arm-none-eabi/4.7.4/../../../../arm-none-eabi/lib/armv7e-m\libg.a(lib_a-strncpy.o)
                              build/obj/uart_t.o (strncpy)
c:/chibistudio/tools/gnu tools arm embedded/4.7 2014q2/bin/../lib/gcc/arm-none-eabi/4.7.4/../../../../arm-none-eabi/lib/armv7e-m\libg.a(lib_a-strstr.o)
                              build/obj/uart_t.o (strstr)
c:/chibistudio/tools/gnu tools arm embedded/4.7 2014q2/bin/../lib/gcc/arm-none-eabi/4.7.4/../../../../arm-none-eabi/lib/armv7e-m\libg.a(lib_a-strtol.o)
                              c:/chibistudio/tools/gnu tools arm embedded/4.7 2014q2/bin/../lib/gcc/arm-none-eabi/4.7.4/../../../../arm-none-eabi/lib/armv7e-m\libg.a(lib_a-atoi.o) (_strtol_r)
c:/chibistudio/tools/gnu tools arm embedded/4.7 2014q2/bin/../lib/gcc/arm-none-eabi/4.7.4/../../../../arm-none-eabi/lib/armv7e-m\libg.a(lib_a-impure.o)
                              c:/chibistudio/tools/gnu tools arm embedded/4.7 2014q2/bin/../lib/gcc/arm-none-eabi/4.7.4/../../../../arm-none-eabi/lib/armv7e-m\libg.a(lib_a-strtol.o) (_impure_ptr)
c:/chibistudio/tools/gnu tools arm embedded/4.7 2014q2/bin/../lib/gcc/arm-none-eabi/4.7.4/../../../../arm-none-eabi/lib/armv7e-m\libg.a(lib_a-memchr.o)
                              c:/chibistudio/tools/gnu tools arm embedded/4.7 2014q2/bin/../lib/gcc/arm-none-eabi/4.7.4/../../../../arm-none-eabi/lib/armv7e-m\libg.a(lib_a-strstr.o) (memchr)
c:/chibistudio/tools/gnu tools arm embedded/4.7 2014q2/bin/../lib/gcc/arm-none-eabi/4.7.4/../../../../arm-none-eabi/lib/armv7e-m\libg.a(lib_a-memcmp.o)
                              c:/chibistudio/tools/gnu tools arm embedded/4.7 2014q2/bin/../lib/gcc/arm-none-eabi/4.7.4/../../../../arm-none-eabi/lib/armv7e-m\libg.a(lib_a-strstr.o) (memcmp)

Discarded input sections

 .text          0x00000000        0x0 build/obj/crt0.o
 .data          0x00000000        0x0 build/obj/crt0.o
 .bss           0x00000000        0x0 build/obj/crt0.o
 .text.__early_init
[...]
Memory Configuration

Name             Origin             Length             Attributes
flash            0x08000000         0x00100000
ram              0x20000000         0x0001c000
ethram           0x2001c000         0x00004000
ccmram           0x10000000         0x00010000
*default*        0x00000000         0xffffffff

Linker script and memory map

LOAD build/obj/crt0.o
LOAD build/obj/vectors.o
LOAD build/obj/chcore.o
LOAD build/obj/chcore_v7m.o
LOAD build/obj/nvic.o
LOAD build/obj/chsys.o
LOAD build/obj/chdebug.o
LOAD build/obj/chlists.o
LOAD build/obj/chvt.o
LOAD build/obj/chschd.o
LOAD build/obj/chthreads.o
LOAD build/obj/chdynamic.o
LOAD build/obj/chregistry.o
LOAD build/obj/chsem.o
LOAD build/obj/chmtx.o
LOAD build/obj/chcond.o
LOAD build/obj/chevents.o
LOAD build/obj/chmsg.o
LOAD build/obj/chmboxes.o
LOAD build/obj/chqueues.o
LOAD build/obj/chmemcore.o
LOAD build/obj/chheap.o
LOAD build/obj/chmempools.o
LOAD build/obj/hal.o
LOAD build/obj/adc.o
LOAD build/obj/can.o
LOAD build/obj/ext.o
LOAD build/obj/gpt.o
LOAD build/obj/i2c.o
LOAD build/obj/icu.o
LOAD build/obj/mac.o
LOAD build/obj/mmc_spi.o
LOAD build/obj/mmcsd.o
LOAD build/obj/pal.o
LOAD build/obj/pwm.o
LOAD build/obj/rtc.o
LOAD build/obj/sdc.o
LOAD build/obj/serial.o
LOAD build/obj/serial_usb.o
LOAD build/obj/spi.o
LOAD build/obj/tm.o
LOAD build/obj/uart.o
LOAD build/obj/usb.o
LOAD build/obj/stm32_dma.o
LOAD build/obj/hal_lld.o
LOAD build/obj/adc_lld.o
LOAD build/obj/ext_lld_isr.o
LOAD build/obj/can_lld.o
LOAD build/obj/ext_lld.o
LOAD build/obj/mac_lld.o
LOAD build/obj/sdc_lld.o
LOAD build/obj/pal_lld.o
LOAD build/obj/i2c_lld.o
LOAD build/obj/usb_lld.o
LOAD build/obj/rtc_lld.o
LOAD build/obj/spi_lld.o
LOAD build/obj/gpt_lld.o
LOAD build/obj/icu_lld.o
LOAD build/obj/pwm_lld.o
LOAD build/obj/serial_lld.o
LOAD build/obj/uart_lld.o
LOAD build/obj/board.o
LOAD build/obj/gfx.o
LOAD build/obj/gos_chibios.o
LOAD build/obj/gos_freertos.o
LOAD build/obj/gos_win32.o
LOAD build/obj/gos_linux.o
LOAD build/obj/gos_osx.o
LOAD build/obj/gos_raw32.o
LOAD build/obj/gos_ecos.o
LOAD build/obj/gos_rawrtos.o
LOAD build/obj/gdriver.o
LOAD build/obj/gqueue.o
LOAD build/obj/gdisp.o
LOAD build/obj/gdisp_fonts.o
LOAD build/obj/gdisp_pixmap.o
LOAD build/obj/gdisp_image.o
LOAD build/obj/gdisp_image_native.o
LOAD build/obj/gdisp_image_gif.o
LOAD build/obj/gdisp_image_bmp.o
LOAD build/obj/gdisp_image_jpg.o
LOAD build/obj/gdisp_image_png.o
LOAD build/obj/mf_encoding.o
LOAD build/obj/mf_font.o
LOAD build/obj/mf_justify.o
LOAD build/obj/mf_kerning.o
LOAD build/obj/mf_rlefont.o
LOAD build/obj/mf_bwfont.o
LOAD build/obj/mf_scaledfont.o
LOAD build/obj/mf_wordwrap.o
LOAD build/obj/gevent.o
LOAD build/obj/gtimer.o
LOAD build/obj/gwin.o
LOAD build/obj/gwin_widget.o
LOAD build/obj/gwin_wm.o
LOAD build/obj/gwin_console.o
LOAD build/obj/gwin_graph.o
LOAD build/obj/gwin_button.o
LOAD build/obj/gwin_slider.o
LOAD build/obj/gwin_checkbox.o
LOAD build/obj/gwin_image.o
LOAD build/obj/gwin_label.o
LOAD build/obj/gwin_radio.o
LOAD build/obj/gwin_list.o
LOAD build/obj/gwin_progressbar.o
LOAD build/obj/gwin_container.o
LOAD build/obj/gwin_frame.o
LOAD build/obj/gwin_tabset.o
LOAD build/obj/gwin_gl3d.o
LOAD build/obj/ginput.o
LOAD build/obj/ginput_mouse.o
LOAD build/obj/ginput_keyboard.o
LOAD build/obj/ginput_keyboard_microcode.o
LOAD build/obj/ginput_toggle.o
LOAD build/obj/ginput_dial.o
LOAD build/obj/gadc.o
LOAD build/obj/gaudio.o
LOAD build/obj/gmisc.o
LOAD build/obj/gmisc_arrayops.o
LOAD build/obj/gmisc_matrix2d.o
LOAD build/obj/gmisc_trig.o
LOAD build/obj/gfile.o
LOAD build/obj/gfile_fs_native.o
LOAD build/obj/gfile_fs_ram.o
LOAD build/obj/gfile_fs_rom.o
LOAD build/obj/gfile_fs_fatfs.o
LOAD build/obj/gfile_fs_petitfs.o
LOAD build/obj/gfile_fs_mem.o
LOAD build/obj/gfile_fs_chibios.o
LOAD build/obj/gfile_fs_strings.o
LOAD build/obj/gfile_printg.o
LOAD build/obj/gfile_scang.o
LOAD build/obj/gfile_stdio.o
LOAD build/obj/gfile_fatfs_wrapper.o
LOAD build/obj/gfile_fatfs_diskio_chibios.o
LOAD build/obj/gfile_petitfs_wrapper.o
LOAD build/obj/gfile_petitfs_diskio_chibios.o
LOAD build/obj/gdisp_lld_SSD1289.o
LOAD build/obj/gmouse_lld_ADS7843.o
LOAD build/obj/lis302dl.o
LOAD build/obj/chprintf.o
LOAD build/obj/mainScreen.o
LOAD build/obj/callScreen.o
LOAD build/obj/callsScreen.o
LOAD build/obj/settingsScreen.o
LOAD build/obj/gallery.o
LOAD build/obj/contactsScreen.o
LOAD build/obj/calls_t.o
LOAD build/obj/messages_t.o
LOAD build/obj/audioPlayer_t.o
LOAD build/obj/gallery_t.o
LOAD build/obj/contacts_t.o
LOAD build/obj/configuration_t.o
LOAD build/obj/gui_t.o
LOAD build/obj/uart_t.o
LOAD build/obj/gsm.o
LOAD build/obj/slre.o
LOAD build/obj/sdcard.o
LOAD build/obj/main.o
                0x00000400                __main_stack_size__ = 0x400
                0x00000400                __process_stack_size__ = 0x400
                0x20000000                __ram_start__ = ORIGIN (ram)
                0x0001c000                __ram_size__ = 0x1c000
                0x2001c000                __ram_end__ = (__ram_start__ + __ram_size__)
                0x00000000                . = 0x0
                0x00000000                _text = .

startup         0x08000000      0x1ac
 *(vectors)
 vectors        0x08000000      0x1ac build/obj/vectors.o
                0x08000000                _vectors

constructors    0x080001ac        0x0
                0x080001ac                PROVIDE (__init_array_start, .)
 *(SORT(.init_array.*))
 *(.init_array)
                0x080001ac                PROVIDE (__init_array_end, .)

destructors     0x080001ac        0x0
                0x080001ac                PROVIDE (__fini_array_start, .)
 *(.fini_array)
 *(SORT(.fini_array.*))
                0x080001ac                PROVIDE (__fini_array_end, .)

.text           0x080001b0    0x16cc4
 *(.text.startup.*)
 .text.startup.main
                0x080001b0      0x150 build/obj/main.o
                0x080001b0                main
 *(.text)
 .text          0x08000300      0x21c c:/chibistudio/tools/gnu tools arm embedded/4.7 2014q2/bin/../lib/gcc/arm-none-eabi/4.7.4/armv7e-m\libgcc.a(_arm_addsubsf3.o)
                0x08000300                __aeabi_frsub
                0x08000308                __subsf3
                0x08000308                __aeabi_fsub
                0x0800030c                __aeabi_fadd
                0x0800030c                __addsf3
                0x0800046c                __aeabi_ui2f
                0x0800046c                __floatunsisf
                0x08000474                __aeabi_i2f
                0x08000474                __floatsisf
                0x08000490                __aeabi_ul2f
                0x08000490                __floatundisf
                0x080004a0                __aeabi_l2f
                0x080004a0                __floatdisf
 *fill*         0x0800051c        0x4 00
 .text          0x08000520      0x2a0 c:/chibistudio/tools/gnu tools arm embedded/4.7 2014q2/bin/../lib/gcc/arm-none-eabi/4.7.4/armv7e-m\libgcc.a(_arm_muldivsf3.o)
                0x08000520                __mulsf3
                0x08000520                __aeabi_fmul
                0x08000688                __aeabi_fdiv
                0x08000688                __divsf3
 .text          0x080007c0       0x4c c:/chibistudio/tools/gnu tools arm embedded/4.7 2014q2/bin/../lib/gcc/arm-none-eabi/4.7.4/armv7e-m\libgcc.a(_arm_fixsfsi.o)
                0x080007c0                __aeabi_f2iz
                0x080007c0                __fixsfsi
 *(.text.*)
 *fill*         0x0800080c        0x4 00
 .text.__late_init
                0x08000810       0x10 build/obj/crt0.o
                0x08000810                __late_init
 .text._default_exit
                0x08000820       0x10 build/obj/crt0.o
                0x08000820                _default_exit
 .text.ResetHandler
                0x08000830      0x1d0 build/obj/crt0.o
                0x08000830                ResetHandler
 .text._unhandled_exception
                0x08000a00       0x10 build/obj/vectors.o
                0x08000a00                Vector58
                0x08000a00                VectorE8
                0x08000a00                Vector9C
                0x08000a00                VectorAC
                0x08000a00                Vector1A0
                0x08000a00                Vector5C
                0x08000a00                NMIVector
                0x08000a00                Vector11C
                0x08000a00                Vector19C
                0x08000a00                Vector8C
                0x08000a00                VectorDC
                0x08000a00                Vector168
                0x08000a00                Vector110
                0x08000a00                VectorC8
                0x08000a00                Vector94
                0x08000a00                VectorA8
                0x08000a00                Vector160
                0x08000a00                VectorEC
                0x08000a00                UsageFaultVector
                0x08000a00                DebugMonitorVector
                0x08000a00                Vector40
                0x08000a00                VectorF8
                0x08000a00                Vector108
                0x08000a00                VectorBC
                0x08000a00                Vector190
                0x08000a00                Vector148
                0x08000a00                Vector188
                0x08000a00                PendSVVector
                0x08000a00                Vector198
                0x08000a00                Vector118
                0x08000a00                Vector64
                0x08000a00                VectorCC
                0x08000a00                Vector54
                0x08000a00                Vector98
                0x08000a00                Vector138
                0x08000a00                Vector24
                0x08000a00                Vector178
                0x08000a00                Vector1A4
                0x08000a00                BusFaultVector
                0x08000a00                VectorD0
                0x08000a00                Vector140
                0x08000a00                VectorE4
                0x08000a00                VectorC0
                0x08000a00                HardFaultVector
                0x08000a00                Vector134
                0x08000a00                VectorF0
                0x08000a00                Vector13C
                0x08000a00                Vector100
                0x08000a00                VectorE0
                0x08000a00                VectorF4
                0x08000a00                MemManageVector
                0x08000a00                VectorA0
                0x08000a00                VectorC4
                0x08000a00                Vector180
                0x08000a00                VectorB0
                0x08000a00                Vector90
                0x08000a00                Vector114
                0x08000a00                Vector164
                0x08000a00                Vector60
                0x08000a00                Vector1C
                0x08000a00                Vector17C
                0x08000a00                Vector48
                0x08000a00                Vector1A8
                0x08000a00                Vector16C
                0x08000a00                VectorD4
                0x08000a00                Vector4C
                0x08000a00                Vector144
                0x08000a00                Vector15C
                0x08000a00                Vector68
                0x08000a00                _unhandled_exception
                0x08000a00                Vector170
                0x08000a00                Vector88
                0x08000a00                Vector184
                0x08000a00                Vector10C
                0x08000a00                Vector14C
                0x08000a00                Vector50
                0x08000a00                Vector194
                0x08000a00                Vector44
                0x08000a00                Vector28
                0x08000a00                VectorB8
                0x08000a00                Vector34
                0x08000a00                VectorA4
                0x08000a00                Vector20
                0x08000a00                Vector18C
                0x08000a00                Vector174
 .text.port_halt
                0x08000a10       0x10 build/obj/chcore.o
                0x08000a10                port_halt
 .text._port_switch_from_isr
                0x08000a20       0x10 build/obj/chcore_v7m.o
                0x08000a20                _port_switch_from_isr
 .text.SVCallVector
                0x08000a30       0x20 build/obj/chcore_v7m.o
                0x08000a30                SVCallVector
 .text._port_init
                0x08000a50       0x40 build/obj/chcore_v7m.o
                0x08000a50                _port_init
 .text._port_irq_epilogue
                0x08000a90       0x70 build/obj/chcore_v7m.o
                0x08000a90                _port_irq_epilogue
 .text.SysTickVector
                0x08000b00       0x30 build/obj/chcore_v7m.o
                0x08000b00                SysTickVector
 .text._port_switch
                0x08000b30       0x10 build/obj/chcore_v7m.o
                0x08000b30                _port_switch
 .text._port_thread_start
                0x08000b40       0x20 build/obj/chcore_v7m.o
                0x08000b40                _port_thread_start
 .text.nvicEnableVector
                0x08000b60       0x50 build/obj/nvic.o
                0x08000b60                nvicEnableVector
 .text.nvicSetSystemHandlerPriority
                0x08000bb0       0x30 build/obj/nvic.o
                0x08000bb0                nvicSetSystemHandlerPriority
 .text._idle_thread
                0x08000be0       0x20 build/obj/chsys.o
                0x08000be0                _idle_thread
 .text.chSysInit
                0x08000c00       0x70 build/obj/chsys.o
                0x08000c00                chSysInit
 .text.chSysTimerHandlerI
                0x08000c70       0x70 build/obj/chsys.o
                0x08000c70                chSysTimerHandlerI
 .text.dbg_check_enable
                0x08000ce0       0x30 build/obj/chdebug.o
                0x08000ce0                dbg_check_enable
 .text.dbg_check_lock
                0x08000d10       0x30 build/obj/chdebug.o
                0x08000d10                dbg_check_lock
 .text.dbg_check_unlock
                0x08000d40       0x40 build/obj/chdebug.o
                0x08000d40                dbg_check_unlock
 .text.dbg_check_lock_from_isr
                0x08000d80       0x30 build/obj/chdebug.o
                0x08000d80                dbg_check_lock_from_isr
 .text.dbg_check_unlock_from_isr
                0x08000db0       0x40 build/obj/chdebug.o
                0x08000db0                dbg_check_unlock_from_isr
 .text.dbg_check_enter_isr
                0x08000df0       0x40 build/obj/chdebug.o
                0x08000df0                dbg_check_enter_isr
 .text.dbg_check_leave_isr
                0x08000e30       0x40 build/obj/chdebug.o
                0x08000e30                dbg_check_leave_isr
 .text.chDbgCheckClassI
                0x08000e70       0x30 build/obj/chdebug.o
                0x08000e70                chDbgCheckClassI
 .text.chDbgCheckClassS
                0x08000ea0       0x30 build/obj/chdebug.o
                0x08000ea0                chDbgCheckClassS
 .text._vt_init
                0x08000ed0       0x20 build/obj/chvt.o
                0x08000ed0                _vt_init
 .text.chVTSetI
                0x08000ef0       0x50 build/obj/chvt.o
                0x08000ef0                chVTSetI
 .text.chVTResetI
                0x08000f40       0x30 build/obj/chvt.o
                0x08000f40                chVTResetI
 .text._scheduler_init
                0x08000f70       0x20 build/obj/chschd.o
                0x08000f70                _scheduler_init
 .text.chSchReadyI
                0x08000f90       0x30 build/obj/chschd.o
                0x08000f90                chSchReadyI
 .text.wakeup   0x08000fc0       0x50 build/obj/chschd.o
 .text.chSchGoSleepS
                0x08001010       0x30 build/obj/chschd.o
                0x08001010                chSchGoSleepS
 .text.chSchGoSleepTimeoutS
                0x08001040       0x50 build/obj/chschd.o
                0x08001040                chSchGoSleepTimeoutS
 .text.chSchWakeupS
                0x08001090       0x40 build/obj/chschd.o
                0x08001090                chSchWakeupS
 .text.chSchDoRescheduleBehind
                0x080010d0       0x30 build/obj/chschd.o
                0x080010d0                chSchDoRescheduleBehind
 .text.chSchDoRescheduleAhead
                0x08001100       0x40 build/obj/chschd.o
                0x08001100                chSchDoRescheduleAhead
 .text.chSchRescheduleS
                0x08001140       0x30 build/obj/chschd.o
                0x08001140                chSchRescheduleS
 .text.chSchDoReschedule
                0x08001170       0x20 build/obj/chschd.o
                0x08001170                chSchDoReschedule
 .text._thread_init
                0x08001190       0x50 build/obj/chthreads.o
                0x08001190                _thread_init
 .text.chThdCreateI
                0x080011e0       0x70 build/obj/chthreads.o
                0x080011e0                chThdCreateI
 .text.chThdCreateStatic
                0x08001250       0x40 build/obj/chthreads.o
                0x08001250                chThdCreateStatic
 .text.chThdSetPriority
                0x08001290       0x40 build/obj/chthreads.o
                0x08001290                chThdSetPriority
 .text.chThdSleep
                0x080012d0       0x30 build/obj/chthreads.o
                0x080012d0                chThdSleep
 .text.chThdYield
                0x08001300       0x30 build/obj/chthreads.o
                0x08001300                chThdYield
 .text.chThdExitS
                0x08001330       0x40 build/obj/chthreads.o
                0x08001330                chThdExitS
 .text.chThdExit
                0x08001370       0x20 build/obj/chthreads.o
                0x08001370                chThdExit
 .text.chThdCreateFromHeap
                0x08001390       0x50 build/obj/chdynamic.o
                0x08001390                chThdCreateFromHeap
 .text.chSemInit
                0x080013e0       0x10 build/obj/chsem.o
                0x080013e0                chSemInit
 .text.chSemWaitS
                0x080013f0       0x40 build/obj/chsem.o
                0x080013f0                chSemWaitS
 .text.chSemWait
                0x08001430       0x30 build/obj/chsem.o
                0x08001430                chSemWait
 .text.chSemWaitTimeoutS
                0x08001460       0x50 build/obj/chsem.o
                0x08001460                chSemWaitTimeoutS
 .text.chSemWaitTimeout
                0x080014b0       0x30 build/obj/chsem.o
                0x080014b0                chSemWaitTimeout
 .text.chSemSignalI
                0x080014e0       0x30 build/obj/chsem.o
                0x080014e0                chSemSignalI
 .text.chMtxInit
                0x08001510       0x10 build/obj/chmtx.o
                0x08001510                chMtxInit
 .text.chMtxLockS
                0x08001520       0xd0 build/obj/chmtx.o
                0x08001520                chMtxLockS
 .text.chMtxLock
                0x080015f0       0x20 build/obj/chmtx.o
                0x080015f0                chMtxLock
 .text.chMtxUnlock
                0x08001610       0x70 build/obj/chmtx.o
                0x08001610                chMtxUnlock
 .text.chEvtSignalI
                0x08001680       0x40 build/obj/chevents.o
                0x08001680                chEvtSignalI
 .text.chEvtBroadcastFlagsI
                0x080016c0       0x30 build/obj/chevents.o
                0x080016c0                chEvtBroadcastFlagsI
 .text.chMsgSend
                0x080016f0       0x50 build/obj/chmsg.o
                0x080016f0                chMsgSend
 .text.chMsgWait
                0x08001740       0x50 build/obj/chmsg.o
                0x08001740                chMsgWait
 .text.chMsgRelease
                0x08001790       0x30 build/obj/chmsg.o
                0x08001790                chMsgRelease
 .text.chMBInit
                0x080017c0       0x30 build/obj/chmboxes.o
                0x080017c0                chMBInit
 .text.chMBPostS
                0x080017f0       0x40 build/obj/chmboxes.o
                0x080017f0                chMBPostS
 .text.chMBPost
                0x08001830       0x30 build/obj/chmboxes.o
                0x08001830                chMBPost
 .text.chMBFetchS
                0x08001860       0x40 build/obj/chmboxes.o
                0x08001860                chMBFetchS
 .text.chMBFetch
                0x080018a0       0x30 build/obj/chmboxes.o
                0x080018a0                chMBFetch
 .text.qwait    0x080018d0       0x30 build/obj/chqueues.o
 .text.chIQInit
                0x08001900       0x20 build/obj/chqueues.o
                0x08001900                chIQInit
 .text.chIQPutI
                0x08001920       0x60 build/obj/chqueues.o
                0x08001920                chIQPutI
 .text.chIQGetTimeout
                0x08001980       0x60 build/obj/chqueues.o
                0x08001980                chIQGetTimeout
 .text.chIQReadTimeout
                0x080019e0       0x90 build/obj/chqueues.o
                0x080019e0                chIQReadTimeout
 .text.chOQInit
                0x08001a70       0x20 build/obj/chqueues.o
                0x08001a70                chOQInit
 .text.chOQPutTimeout
                0x08001a90       0x70 build/obj/chqueues.o
                0x08001a90                chOQPutTimeout
 .text.chOQGetI
                0x08001b00       0x50 build/obj/chqueues.o
                0x08001b00                chOQGetI
 .text.chOQWriteTimeout
                0x08001b50       0x90 build/obj/chqueues.o
                0x08001b50                chOQWriteTimeout
 .text._core_init
                0x08001be0       0x30 build/obj/chmemcore.o
                0x08001be0                _core_init
 .text.chCoreAllocI
                0x08001c10       0x30 build/obj/chmemcore.o
                0x08001c10                chCoreAllocI
 .text.chCoreAlloc
                0x08001c40       0x30 build/obj/chmemcore.o
                0x08001c40                chCoreAlloc
 .text._heap_init
                0x08001c70       0x20 build/obj/chheap.o
                0x08001c70                _heap_init
 .text.chHeapAlloc
                0x08001c90       0x90 build/obj/chheap.o
                0x08001c90                chHeapAlloc
 .text.chHeapFree
                0x08001d20       0x90 build/obj/chheap.o
                0x08001d20                chHeapFree
 .text.halInit  0x08001db0       0x30 build/obj/hal.o
                0x08001db0                halInit
 .text.mmcsdGetCapacity
                0x08001de0       0x50 build/obj/mmcsd.o
                0x08001de0                mmcsdGetCapacity
 .text.palSetBusMode
                0x08001e30       0x10 build/obj/pal.o
                0x08001e30                palSetBusMode
 .text.pwmInit  0x08001e40       0x10 build/obj/pwm.o
                0x08001e40                pwmInit
 .text.pwmObjectInit
                0x08001e50       0x10 build/obj/pwm.o
                0x08001e50                pwmObjectInit
 .text.pwmStart
                0x08001e60       0x30 build/obj/pwm.o
                0x08001e60                pwmStart
 .text.pwmEnableChannel
                0x08001e90       0x30 build/obj/pwm.o
                0x08001e90                pwmEnableChannel
 .text.sdcGetInfo
                0x08001ec0       0x20 build/obj/sdc.o
                0x08001ec0                sdcGetInfo
 .text.sdcConnect
                0x08001ee0      0x250 build/obj/sdc.o
                0x08001ee0                sdcConnect
 .text.sdcSync  0x08002130       0x20 build/obj/sdc.o
                0x08002130                sdcSync
 .text.sdcWrite
                0x08002150       0x30 build/obj/sdc.o
                0x08002150                sdcWrite
 .text.sdcRead  0x08002180       0x30 build/obj/sdc.o
                0x08002180                sdcRead
 .text._sdc_wait_for_transfer_state
                0x080021b0       0x50 build/obj/sdc.o
                0x080021b0                _sdc_wait_for_transfer_state
 .text.sdcDisconnect
                0x08002200       0x60 build/obj/sdc.o
                0x08002200                sdcDisconnect
 .text.sdcInit  0x08002260       0x10 build/obj/sdc.o
                0x08002260                sdcInit
 .text.sdcObjectInit
                0x08002270       0x20 build/obj/sdc.o
                0x08002270                sdcObjectInit
 .text.sdcStart
                0x08002290       0x30 build/obj/sdc.o
                0x08002290                sdcStart
 .text.readt    0x080022c0       0x10 build/obj/serial.o
 .text.read     0x080022d0       0x10 build/obj/serial.o
 .text.writet   0x080022e0       0x10 build/obj/serial.o
 .text.write    0x080022f0       0x10 build/obj/serial.o
 .text.gett     0x08002300       0x10 build/obj/serial.o
 .text.get      0x08002310       0x10 build/obj/serial.o
 .text.putt     0x08002320       0x10 build/obj/serial.o
 .text.put      0x08002330       0x10 build/obj/serial.o
 .text.sdInit   0x08002340       0x10 build/obj/serial.o
                0x08002340                sdInit
 .text.sdObjectInit
                0x08002350       0x50 build/obj/serial.o
                0x08002350                sdObjectInit
 .text.sdStart  0x080023a0       0x30 build/obj/serial.o
                0x080023a0                sdStart
 .text.sdIncomingDataI
                0x080023d0       0x40 build/obj/serial.o
                0x080023d0                sdIncomingDataI
 .text.spiInit  0x08002410       0x10 build/obj/spi.o
                0x08002410                spiInit
 .text.spiObjectInit
                0x08002420       0x10 build/obj/spi.o
                0x08002420                spiObjectInit
 .text.spiStart
                0x08002430       0x30 build/obj/spi.o
                0x08002430                spiStart
 .text.spiExchange
                0x08002460       0x50 build/obj/spi.o
                0x08002460                spiExchange
 .text.spiAcquireBus
                0x080024b0       0x10 build/obj/spi.o
                0x080024b0                spiAcquireBus
 .text.spiReleaseBus
                0x080024c0       0x10 build/obj/spi.o
                0x080024c0                spiReleaseBus
 .text.Vector6C
                0x080024d0       0x30 build/obj/stm32_dma.o
                0x080024d0                Vector6C
 .text.Vector70
                0x08002500       0x40 build/obj/stm32_dma.o
                0x08002500                Vector70
 .text.Vector74
                0x08002540       0x40 build/obj/stm32_dma.o
                0x08002540                Vector74
 .text.Vector78
                0x08002580       0x40 build/obj/stm32_dma.o
                0x08002580                Vector78
 .text.Vector7C
                0x080025c0       0x30 build/obj/stm32_dma.o
                0x080025c0                Vector7C
 .text.Vector80
                0x080025f0       0x40 build/obj/stm32_dma.o
                0x080025f0                Vector80
 .text.Vector84
                0x08002630       0x40 build/obj/stm32_dma.o
                0x08002630                Vector84
 .text.VectorFC
                0x08002670       0x40 build/obj/stm32_dma.o
                0x08002670                VectorFC
 .text.Vector120
                0x080026b0       0x30 build/obj/stm32_dma.o
                0x080026b0                Vector120
 .text.Vector124
                0x080026e0       0x40 build/obj/stm32_dma.o
                0x080026e0                Vector124
 .text.Vector128
                0x08002720       0x40 build/obj/stm32_dma.o
                0x08002720                Vector128
 .text.Vector12C
                0x08002760       0x40 build/obj/stm32_dma.o
                0x08002760                Vector12C
 .text.Vector130
                0x080027a0       0x30 build/obj/stm32_dma.o
                0x080027a0                Vector130
 .text.Vector150
                0x080027d0       0x40 build/obj/stm32_dma.o
                0x080027d0                Vector150
 .text.Vector154
                0x08002810       0x40 build/obj/stm32_dma.o
                0x08002810                Vector154
 .text.Vector158
                0x08002850       0x40 build/obj/stm32_dma.o
                0x08002850                Vector158
 .text.dmaInit  0x08002890      0x140 build/obj/stm32_dma.o
                0x08002890                dmaInit
 .text.dmaStreamAllocate
                0x080029d0       0xa0 build/obj/stm32_dma.o
                0x080029d0                dmaStreamAllocate
 .text.hal_lld_init
                0x08002a70       0xb0 build/obj/hal_lld.o
                0x08002a70                hal_lld_init
 .text.stm32_clock_init
                0x08002b20      0x100 build/obj/hal_lld.o
                0x08002b20                stm32_clock_init
 .text.sdc_lld_collect_errors
                0x08002c20       0x40 build/obj/sdc_lld.o
 .text.Vector104
                0x08002c60       0x50 build/obj/sdc_lld.o
                0x08002c60                Vector104
 .text.sdc_lld_init
                0x08002cb0       0x20 build/obj/sdc_lld.o
                0x08002cb0                sdc_lld_init
 .text.sdc_lld_start
                0x08002cd0       0x60 build/obj/sdc_lld.o
                0x08002cd0                sdc_lld_start
 .text.sdc_lld_start_clk
                0x08002d30       0x30 build/obj/sdc_lld.o
                0x08002d30                sdc_lld_start_clk
 .text.sdc_lld_set_data_clk
                0x08002d60       0x20 build/obj/sdc_lld.o
                0x08002d60                sdc_lld_set_data_clk
 .text.sdc_lld_stop_clk
                0x08002d80       0x10 build/obj/sdc_lld.o
                0x08002d80                sdc_lld_stop_clk
 .text.sdc_lld_set_bus_mode
                0x08002d90       0x30 build/obj/sdc_lld.o
                0x08002d90                sdc_lld_set_bus_mode
 .text.sdc_lld_send_cmd_none
                0x08002dc0       0x30 build/obj/sdc_lld.o
                0x08002dc0                sdc_lld_send_cmd_none
 .text.sdc_lld_send_cmd_short
                0x08002df0       0x40 build/obj/sdc_lld.o
                0x08002df0                sdc_lld_send_cmd_short
 .text.sdc_lld_send_cmd_short_crc
                0x08002e30       0x40 build/obj/sdc_lld.o
                0x08002e30                sdc_lld_send_cmd_short_crc
 .text.sdc_lld_wait_transaction_end
                0x08002e70       0xb0 build/obj/sdc_lld.o
 .text.sdc_lld_error_cleanup
                0x08002f20       0x80 build/obj/sdc_lld.o
 .text.sdc_lld_send_cmd_long_crc
                0x08002fa0       0x50 build/obj/sdc_lld.o
                0x08002fa0                sdc_lld_send_cmd_long_crc
 .text.sdc_lld_read_aligned
                0x08002ff0       0xc0 build/obj/sdc_lld.o
                0x08002ff0                sdc_lld_read_aligned
 .text.sdc_lld_write_aligned
                0x080030b0       0xc0 build/obj/sdc_lld.o
                0x080030b0                sdc_lld_write_aligned
 .text.sdc_lld_read
                0x08003170       0xd0 build/obj/sdc_lld.o
                0x08003170                sdc_lld_read
 .text.sdc_lld_write
                0x08003240       0xd0 build/obj/sdc_lld.o
                0x08003240                sdc_lld_write
 .text.sdc_lld_sync
                0x08003310       0x10 build/obj/sdc_lld.o
                0x08003310                sdc_lld_sync
 .text._pal_lld_init
                0x08003320      0x1b0 build/obj/pal_lld.o
                0x08003320                _pal_lld_init
 .text._pal_lld_setgroupmode
                0x080034d0       0xd0 build/obj/pal_lld.o
                0x080034d0                _pal_lld_setgroupmode
 .text.spi_lld_serve_tx_interrupt
                0x080035a0       0x10 build/obj/spi_lld.o
 .text.spi_lld_serve_rx_interrupt
                0x080035b0       0x90 build/obj/spi_lld.o
 .text.spi_lld_init
                0x08003640       0x50 build/obj/spi_lld.o
                0x08003640                spi_lld_init
 .text.spi_lld_start
                0x08003690       0xb0 build/obj/spi_lld.o
                0x08003690                spi_lld_start
 .text.spi_lld_exchange
                0x08003740       0x40 build/obj/spi_lld.o
                0x08003740                spi_lld_exchange
 .text.VectorB4
                0x08003780       0x80 build/obj/pwm_lld.o
                0x08003780                VectorB4
 .text.pwm_lld_init
                0x08003800       0x20 build/obj/pwm_lld.o
                0x08003800                pwm_lld_init
 .text.pwm_lld_start
                0x08003820      0x120 build/obj/pwm_lld.o
                0x08003820                pwm_lld_start
 .text.pwm_lld_enable_channel
                0x08003940       0x30 build/obj/pwm_lld.o
                0x08003940                pwm_lld_enable_channel
 .text.notify2  0x08003970       0x20 build/obj/serial_lld.o
 .text.VectorD8
                0x08003990      0x160 build/obj/serial_lld.o
                0x08003990                VectorD8
 .text.sd_lld_init
                0x08003af0       0x30 build/obj/serial_lld.o
                0x08003af0                sd_lld_init
 .text.sd_lld_start
                0x08003b20       0xb0 build/obj/serial_lld.o
                0x08003b20                sd_lld_start
 .text.__early_init
                0x08003bd0       0x10 build/obj/board.o
                0x08003bd0                __early_init
 .text.sdc_lld_is_card_inserted
                0x08003be0       0x10 build/obj/board.o
                0x08003be0                sdc_lld_is_card_inserted
 .text.sdc_lld_is_write_protected
                0x08003bf0       0x10 build/obj/board.o
                0x08003bf0                sdc_lld_is_write_protected
 .text.boardInit
                0x08003c00       0x10 build/obj/board.o
                0x08003c00                boardInit
 .text.gfxInit  0x08003c10       0x40 build/obj/gfx.o
                0x08003c10                gfxInit
 .text._gosInit
                0x08003c50       0x20 build/obj/gos_chibios.o
                0x08003c50                _gosInit
 .text.gfxSleepMilliseconds
                0x08003c70       0x30 build/obj/gos_chibios.o
                0x08003c70                gfxSleepMilliseconds
 .text.gfxSleepMicroseconds
                0x08003ca0       0x30 build/obj/gos_chibios.o
                0x08003ca0                gfxSleepMicroseconds
 .text.gfxSemInit
                0x08003cd0       0x10 build/obj/gos_chibios.o
                0x08003cd0                gfxSemInit
 .text.gfxSemWait
                0x08003ce0       0x40 build/obj/gos_chibios.o
                0x08003ce0                gfxSemWait
 .text.gfxSemSignal
                0x08003d20       0x30 build/obj/gos_chibios.o
                0x08003d20                gfxSemSignal
 .text.gfxThreadCreate
                0x08003d50       0x30 build/obj/gos_chibios.o
                0x08003d50                gfxThreadCreate
 .text._gdriverInit
                0x08003d80       0x10 build/obj/gdriver.o
                0x08003d80                _gdriverInit
 .text.gdriverRegister
                0x08003d90       0xa0 build/obj/gdriver.o
                0x08003d90                gdriverRegister
 .text.gdriverGetInstance
                0x08003e30       0x30 build/obj/gdriver.o
                0x08003e30                gdriverGetInstance
 .text.gdriverGetNext
                0x08003e60       0x30 build/obj/gdriver.o
                0x08003e60                gdriverGetNext
 .text._gqueueInit
                0x08003e90       0x10 build/obj/gqueue.o
                0x08003e90                _gqueueInit
 .text.gfxQueueASyncInit
                0x08003ea0       0x10 build/obj/gqueue.o
                0x08003ea0                gfxQueueASyncInit
 .text.gfxQueueASyncGet
                0x08003eb0       0x30 build/obj/gqueue.o
                0x08003eb0                gfxQueueASyncGet
 .text.gfxQueueASyncPut
                0x08003ee0       0x40 build/obj/gqueue.o
                0x08003ee0                gfxQueueASyncPut
 .text.gfxQueueASyncRemoveI
                0x08003f20       0x40 build/obj/gqueue.o
                0x08003f20                gfxQueueASyncRemoveI
 .text.gfxQueueASyncRemove
                0x08003f60       0x30 build/obj/gqueue.o
                0x08003f60                gfxQueueASyncRemove
 .text.fillcharglyph
                0x08003f90       0x30 build/obj/gdisp.o
 .text.drawcharglyph
                0x08003fc0       0x30 build/obj/gdisp.o
 .text.hline_clip
                0x08003ff0       0xb0 build/obj/gdisp.o
 .text.drawcharline
                0x080040a0       0x70 build/obj/gdisp.o
 .text.vline_clip
                0x08004110       0xf0 build/obj/gdisp.o
 .text._gdispInit
                0x08004200       0x20 build/obj/gdisp.o
                0x08004200                _gdispInit
 .text._gdispInitDriver
                0x08004220       0x30 build/obj/gdisp.o
                0x08004220                _gdispInitDriver
 .text._gdispDeInitDriver
                0x08004250       0x20 build/obj/gdisp.o
                0x08004250                _gdispDeInitDriver
 .text.gdispGGetWidth
                0x08004270       0x10 build/obj/gdisp.o
                0x08004270                gdispGGetWidth
 .text.gdispGGetHeight
                0x08004280       0x10 build/obj/gdisp.o
                0x08004280                gdispGGetHeight
 .text.gdispGGetOrientation
                0x08004290       0x10 build/obj/gdisp.o
                0x08004290                gdispGGetOrientation
 .text.gdispGDrawPixel
                0x080042a0       0x90 build/obj/gdisp.o
                0x080042a0                gdispGDrawPixel
 .text.gdispGDrawLine
                0x08004330      0x4b0 build/obj/gdisp.o
                0x08004330                gdispGDrawLine
 .text.gdispGClear
                0x080047e0       0x70 build/obj/gdisp.o
                0x080047e0                gdispGClear
 .text.gdispGFillArea
                0x08004850      0x100 build/obj/gdisp.o
                0x08004850                gdispGFillArea
 .text.gdispGBlitArea
                0x08004950      0x130 build/obj/gdisp.o
                0x08004950                gdispGBlitArea
 .text.gdispGSetClip
                0x08004a80       0x80 build/obj/gdisp.o
                0x08004a80                gdispGSetClip
 .text.gdispGControl
                0x08004b00       0x80 build/obj/gdisp.o
                0x08004b00                gdispGControl
 .text._gdispPostInitDriver
                0x08004b80       0x40 build/obj/gdisp.o
                0x08004b80                _gdispPostInitDriver
 .text.gdispGDrawBox
                0x08004bc0       0xe0 build/obj/gdisp.o
                0x08004bc0                gdispGDrawBox
 .text.gdispGDrawStringBox
                0x08004ca0       0xc0 build/obj/gdisp.o
                0x08004ca0                gdispGDrawStringBox
 .text.gdispGFillStringBox
                0x08004d60      0x1d0 build/obj/gdisp.o
                0x08004d60                gdispGFillStringBox
 .text.gdispGetFontMetric
                0x08004f30       0x40 build/obj/gdisp.o
                0x08004f30                gdispGetFontMetric
 .text.gdispGetStringWidth
                0x08004f70       0x20 build/obj/gdisp.o
                0x08004f70                gdispGetStringWidth
 .text.gdispBlendColor
                0x08004f90       0x60 build/obj/gdisp.o
                0x08004f90                gdispBlendColor
 .text.matchfont
                0x08004ff0       0x50 build/obj/gdisp_fonts.o
 .text.gdispOpenFont
                0x08005040       0x50 build/obj/gdisp_fonts.o
                0x08005040                gdispOpenFont
 .text.gdispCloseFont
                0x08005090       0x20 build/obj/gdisp_fonts.o
                0x08005090                gdispCloseFont
 .text.gdispImageInit
                0x080050b0       0x10 build/obj/gdisp_image.o
                0x080050b0                gdispImageInit
 .text.gdispImageOpenGFile
                0x080050c0       0x70 build/obj/gdisp_image.o
                0x080050c0                gdispImageOpenGFile
 .text.gdispImageClose
                0x08005130       0x20 build/obj/gdisp_image.o
                0x08005130                gdispImageClose
 .text.gdispImageIsOpen
                0x08005150       0x20 build/obj/gdisp_image.o
                0x08005150                gdispImageIsOpen
 .text.gdispImageSetBgColor
                0x08005170       0x10 build/obj/gdisp_image.o
                0x08005170                gdispImageSetBgColor
 .text.gdispGImageDraw
                0x08005180       0x30 build/obj/gdisp_image.o
                0x08005180                gdispGImageDraw
 .text.gdispImageAlloc
                0x080051b0       0x10 build/obj/gdisp_image.o
                0x080051b0                gdispImageAlloc
 .text.gdispImageFree
                0x080051c0       0x10 build/obj/gdisp_image.o
                0x080051c0                gdispImageFree
 .text.initFrame
                0x080051d0      0x340 build/obj/gdisp_image_gif.o
 .text.getbytes
                0x08005510      0x360 build/obj/gdisp_image_gif.o
 .text.startDecode
                0x08005870      0x110 build/obj/gdisp_image_gif.o
 .text.stopDecode
                0x08005980       0x20 build/obj/gdisp_image_gif.o
 .text.gdispImageClose_GIF
                0x080059a0       0x50 build/obj/gdisp_image_gif.o
                0x080059a0                gdispImageClose_GIF
 .text.gdispImageOpen_GIF
                0x080059f0      0x150 build/obj/gdisp_image_gif.o
                0x080059f0                gdispImageOpen_GIF
 .text.gdispImageCache_GIF
                0x08005b40      0x470 build/obj/gdisp_image_gif.o
                0x08005b40                gdispImageCache_GIF
 .text.gdispGImageDraw_GIF
                0x08005fb0      0xe10 build/obj/gdisp_image_gif.o
                0x08005fb0                gdispGImageDraw_GIF
 .text.gdispImageNext_GIF
                0x08006dc0       0xa0 build/obj/gdisp_image_gif.o
                0x08006dc0                gdispImageNext_GIF
 .text.mf_getchar
                0x08006e60       0x10 build/obj/mf_encoding.o
                0x08006e60                mf_getchar
 .text.mf_rewind
                0x08006e70       0x10 build/obj/mf_encoding.o
                0x08006e70                mf_rewind
 .text.mf_render_character
                0x08006e80       0x30 build/obj/mf_font.o
                0x08006e80                mf_render_character
 .text.mf_character_width
                0x08006eb0       0x20 build/obj/mf_font.o
                0x08006eb0                mf_character_width
 .text.mf_get_font_list
                0x08006ed0       0x10 build/obj/mf_font.o
                0x08006ed0                mf_get_font_list
 .text.mf_round_to_tab
                0x08006ee0       0x40 build/obj/mf_justify.o
 .text.render_left
                0x08006f20       0x60 build/obj/mf_justify.o
 .text.mf_get_string_width
                0x08006f80       0xe0 build/obj/mf_justify.o
                0x08006f80                mf_get_string_width
 .text.mf_render_aligned
                0x08007060      0x340 build/obj/mf_justify.o
                0x08007060                mf_render_aligned
 .text.find_glyph
                0x080073a0       0x90 build/obj/mf_rlefont.o
 .text.write_pixels
                0x08007430       0x70 build/obj/mf_rlefont.o
 .text.write_ref_codeword
                0x080074a0      0x1f0 build/obj/mf_rlefont.o
 .text.mf_rlefont_render_character
                0x08007690      0x100 build/obj/mf_rlefont.o
                0x08007690                mf_rlefont_render_character
 .text.mf_rlefont_character_width
                0x08007790       0x10 build/obj/mf_rlefont.o
                0x08007790                mf_rlefont_character_width
 .text.scaled_pixel_callback
                0x080077a0       0x60 build/obj/mf_scaledfont.o
 .text.mf_scaled_character_width
                0x08007800       0x20 build/obj/mf_scaledfont.o
                0x08007800                mf_scaled_character_width
 .text.mf_scaled_render_character
                0x08007820       0x50 build/obj/mf_scaledfont.o
                0x08007820                mf_scaled_render_character
 .text.doExitEvent
                0x08007870       0x20 build/obj/gevent.o
 .text.deleteAssignments
                0x08007890       0xb0 build/obj/gevent.o
 .text._geventInit
                0x08007940       0x10 build/obj/gevent.o
                0x08007940                _geventInit
 .text.geventListenerInit
                0x08007950       0x20 build/obj/gevent.o
                0x08007950                geventListenerInit
 .text.geventAttachSource
                0x08007970      0x120 build/obj/gevent.o
                0x08007970                geventAttachSource
 .text.geventEventWait
                0x08007a90       0x80 build/obj/gevent.o
                0x08007a90                geventEventWait
 .text.geventRegisterCallback
                0x08007b10       0x40 build/obj/gevent.o
                0x08007b10                geventRegisterCallback
 .text.geventGetSourceListener
                0x08007b50       0x90 build/obj/gevent.o
                0x08007b50                geventGetSourceListener
 .text.geventGetEventBuffer
                0x08007be0       0x30 build/obj/gevent.o
                0x08007be0                geventGetEventBuffer
 .text.geventSendEvent
                0x08007c10       0x60 build/obj/gevent.o
                0x08007c10                geventSendEvent
 .text.geventDetachSourceListeners
                0x08007c70       0x20 build/obj/gevent.o
                0x08007c70                geventDetachSourceListeners
 .text.GTimerThreadHandler
                0x08007c90       0xe0 build/obj/gtimer.o
 .text._gtimerInit
                0x08007d70       0x30 build/obj/gtimer.o
                0x08007d70                _gtimerInit
 .text.gtimerStart
                0x08007da0      0x120 build/obj/gtimer.o
                0x08007da0                gtimerStart
 .text.gtimerIsActive
                0x08007ec0       0x10 build/obj/gtimer.o
                0x08007ec0                gtimerIsActive
 .text._gwinInit
                0x08007ed0       0x20 build/obj/gwin.o
                0x08007ed0                _gwinInit
 .text._gwindowCreate
                0x08007ef0       0x90 build/obj/gwin.o
                0x08007ef0                _gwindowCreate
 .text._gwinDestroy
                0x08007f80       0x60 build/obj/gwin.o
                0x08007f80                _gwinDestroy
 .text.gwinSetDefaultBgColor
                0x08007fe0       0x10 build/obj/gwin.o
                0x08007fe0                gwinSetDefaultBgColor
 .text.gwinGetDefaultBgColor
                0x08007ff0       0x10 build/obj/gwin.o
                0x08007ff0                gwinGetDefaultBgColor
 .text.gwinSetDefaultFont
                0x08008000       0x10 build/obj/gwin.o
                0x08008000                gwinSetDefaultFont
 .text.gwinGetDefaultFont
                0x08008010       0x10 build/obj/gwin.o
                0x08008010                gwinGetDefaultFont
 .text.gwinDestroy
                0x08008020       0x10 build/obj/gwin.o
                0x08008020                gwinDestroy
 .text._gwidgetCreate
                0x08008030       0x50 build/obj/gwin_widget.o
                0x08008030                _gwidgetCreate
 .text.gwidgetEvent
                0x08008080       0xf0 build/obj/gwin_widget.o
 .text._gwidgetInit
                0x08008170       0x40 build/obj/gwin_widget.o
                0x08008170                _gwidgetInit
 .text._gwidgetDestroy
                0x080081b0       0x20 build/obj/gwin_widget.o
                0x080081b0                _gwidgetDestroy
 .text._gwidgetRedraw
                0x080081d0       0x10 build/obj/gwin_widget.o
                0x080081d0                _gwidgetRedraw
 .text._gwinSendEvent
                0x080081e0       0x30 build/obj/gwin_widget.o
                0x080081e0                _gwinSendEvent
 .text.gwinWidgetClearInit
                0x08008210       0x20 build/obj/gwin_widget.o
                0x08008210                gwinWidgetClearInit
 .text.gwinSetText
                0x08008230       0x70 build/obj/gwin_widget.o
                0x08008230                gwinSetText
 .text.gwinGetText
                0x080082a0       0x10 build/obj/gwin_widget.o
                0x080082a0                gwinGetText
 .text.gwinSetStyle
                0x080082b0       0x30 build/obj/gwin_widget.o
                0x080082b0                gwinSetStyle
 .text.gwinSetDefaultStyle
                0x080082e0       0x60 build/obj/gwin_widget.o
                0x080082e0                gwinSetDefaultStyle
 .text.gwinAttachListener
                0x08008340       0x10 build/obj/gwin_widget.o
                0x08008340                gwinAttachListener
 .text.WM_Init  0x08008350       0x10 build/obj/gwin_wm.o
 .text.WM_DeInit
                0x08008360       0x10 build/obj/gwin_wm.o
 .text.WM_MinMax
                0x08008370       0x10 build/obj/gwin_wm.o
 .text.WM_Delete
                0x08008380       0x10 build/obj/gwin_wm.o
 .text._gwmInit
                0x08008390       0x40 build/obj/gwin_wm.o
                0x08008390                _gwmInit
 .text._gwinFlushRedraws
                0x080083d0      0x170 build/obj/gwin_wm.o
                0x080083d0                _gwinFlushRedraws
 .text._gwinUpdate
                0x08008540       0x30 build/obj/gwin_wm.o
                0x08008540                _gwinUpdate
 .text.WM_Raise
                0x08008570       0x30 build/obj/gwin_wm.o
 .text.WM_Redraw
                0x080085a0      0x180 build/obj/gwin_wm.o
 .text._gwinRippleVisibility
                0x08008720       0x90 build/obj/gwin_wm.o
                0x08008720                _gwinRippleVisibility
 .text._gwinWMAdd
                0x080087b0       0x50 build/obj/gwin_wm.o
                0x080087b0                _gwinWMAdd
 .text.gwinRedraw
                0x08008800       0x30 build/obj/gwin_wm.o
                0x08008800                gwinRedraw
 .text.gwinSetVisible
                0x08008830       0x40 build/obj/gwin_wm.o
                0x08008830                gwinSetVisible
 .text.WM_Move  0x08008870      0x200 build/obj/gwin_wm.o
 .text.WM_Size  0x08008a70      0x1b0 build/obj/gwin_wm.o
 .text.WM_Add   0x08008c20       0x40 build/obj/gwin_wm.o
 .text.gwinResize
                0x08008c60       0x20 build/obj/gwin_wm.o
                0x08008c60                gwinResize
 .text.gwinGetNextWindow
                0x08008c80       0x10 build/obj/gwin_wm.o
                0x08008c80                gwinGetNextWindow
 .text.MouseDown
                0x08008c90       0x10 build/obj/gwin_button.o
 .text.MouseUp  0x08008ca0       0x40 build/obj/gwin_button.o
 .text.gwinButtonDraw_Normal
                0x08008ce0      0x130 build/obj/gwin_button.o
                0x08008ce0                gwinButtonDraw_Normal
 .text.gwinGButtonCreate
                0x08008e10       0x20 build/obj/gwin_button.o
                0x08008e10                gwinGButtonCreate
 .text.gwinButtonDraw_Image
                0x08008e30       0xa0 build/obj/gwin_button.o
                0x08008e30                gwinButtonDraw_Image
 .text.CalculatePosFromDPos
                0x08008ed0       0x80 build/obj/gwin_slider.o
 .text.ResetDisplayPos
                0x08008f50       0x50 build/obj/gwin_slider.o
 .text.SendSliderEvent
                0x08008fa0       0x70 build/obj/gwin_slider.o
 .text.MouseMove
                0x08009010       0x50 build/obj/gwin_slider.o
 .text.MouseDown
                0x08009060       0x50 build/obj/gwin_slider.o
 .text.gwinSliderDraw_Std
                0x080090b0      0x240 build/obj/gwin_slider.o
                0x080090b0                gwinSliderDraw_Std
 .text.MouseUp  0x080092f0       0x60 build/obj/gwin_slider.o
 .text.gwinGSliderCreate
                0x08009350       0x30 build/obj/gwin_slider.o
                0x08009350                gwinGSliderCreate
 .text.gwinSliderSetRange
                0x08009380       0x30 build/obj/gwin_slider.o
                0x08009380                gwinSliderSetRange
 .text.gwinSliderSetPosition
                0x080093b0       0x50 build/obj/gwin_slider.o
                0x080093b0                gwinSliderSetPosition
 .text._redraw  0x08009400      0x1a0 build/obj/gwin_image.o
 .text._destroy
                0x080095a0       0x20 build/obj/gwin_image.o
 .text.gwinGImageCreate
                0x080095c0       0x30 build/obj/gwin_image.o
                0x080095c0                gwinGImageCreate
 .text.gwinImageOpenGFile
                0x080095f0       0x50 build/obj/gwin_image.o
                0x080095f0                gwinImageOpenGFile
 .text.gwinLabelDefaultDraw
                0x08009640       0xd0 build/obj/gwin_label.o
 .text.gwinGLabelCreate
                0x08009710       0x90 build/obj/gwin_label.o
                0x08009710                gwinGLabelCreate
 .text._destroy
                0x080097a0       0x30 build/obj/gwin_list.o
 .text.MouseMove
                0x080097d0       0x70 build/obj/gwin_list.o
 .text.MouseSelect.isra.1
                0x08009840       0x90 build/obj/gwin_list.o
 .text.MouseUp  0x080098d0       0x40 build/obj/gwin_list.o
 .text.MouseDown
                0x08009910       0xd0 build/obj/gwin_list.o
 .text.gwinListDefaultDraw
                0x080099e0      0x300 build/obj/gwin_list.o
 .text.gwinGListCreate
                0x08009ce0       0x40 build/obj/gwin_list.o
                0x08009ce0                gwinGListCreate
 .text.gwinListSetScroll
                0x08009d20       0x30 build/obj/gwin_list.o
                0x08009d20                gwinListSetScroll
 .text.gwinListAddItem
                0x08009d50       0x90 build/obj/gwin_list.o
                0x08009d50                gwinListAddItem
 .text.gwinListGetSelected
                0x08009de0       0x40 build/obj/gwin_list.o
                0x08009de0                gwinListGetSelected
 .text.gwinListDeleteAll
                0x08009e20       0x40 build/obj/gwin_list.o
                0x08009e20                gwinListDeleteAll
 .text.gwinListItemDelete
                0x08009e60       0x80 build/obj/gwin_list.o
                0x08009e60                gwinListItemDelete
 .text.BorderSize
                0x08009ee0       0x10 build/obj/gwin_container.o
 .text._gcontainerInit
                0x08009ef0       0x10 build/obj/gwin_container.o
                0x08009ef0                _gcontainerInit
 .text._gcontainerCreate
                0x08009f00       0x20 build/obj/gwin_container.o
                0x08009f00                _gcontainerCreate
 .text.gwinGetFirstChild
                0x08009f20       0x30 build/obj/gwin_container.o
                0x08009f20                gwinGetFirstChild
 .text._gcontainerDestroy
                0x08009f50       0x20 build/obj/gwin_container.o
                0x08009f50                _gcontainerDestroy
 .text.gwinGetSibling
                0x08009f70       0x30 build/obj/gwin_container.o
                0x08009f70                gwinGetSibling
 .text.gwinGContainerCreate
                0x08009fa0       0x30 build/obj/gwin_container.o
                0x08009fa0                gwinGContainerCreate
 .text.gwinContainerDraw_Transparent
                0x08009fd0       0x50 build/obj/gwin_container.o
                0x08009fd0                gwinContainerDraw_Transparent
 .text.gwinContainerDraw_Std
                0x0800a020       0x50 build/obj/gwin_container.o
                0x0800a020                gwinContainerDraw_Std
 .text.gwinContainerDraw_Image
                0x0800a070      0x110 build/obj/gwin_container.o
                0x0800a070                gwinContainerDraw_Image
 .text._ginputInit
                0x0800a180       0x10 build/obj/ginput.o
                0x0800a180                _ginputInit
 .text.SendMouseEvent
                0x0800a190       0xc0 build/obj/ginput_mouse.o
 .text.GetMouseReading
                0x0800a250      0x3e0 build/obj/ginput_mouse.o
 .text.MousePoll
                0x0800a630       0x40 build/obj/ginput_mouse.o
 .text.CalibrateMouse
                0x0800a670      0x890 build/obj/ginput_mouse.o
 .text._gmouseInit
                0x0800af00       0x20 build/obj/ginput_mouse.o
                0x0800af00                _gmouseInit
 .text._gmouseInitDriver
                0x0800af20       0x50 build/obj/ginput_mouse.o
                0x0800af20                _gmouseInitDriver
 .text._gmousePostInitDriver
                0x0800af70       0x50 build/obj/ginput_mouse.o
                0x0800af70                _gmousePostInitDriver
 .text._gmouseDeInitDriver
                0x0800afc0       0x10 build/obj/ginput_mouse.o
                0x0800afc0                _gmouseDeInitDriver
 .text.ginputGetMouse
                0x0800afd0       0x20 build/obj/ginput_mouse.o
                0x0800afd0                ginputGetMouse
 .text._gfileInit
                0x0800aff0       0x10 build/obj/gfile.o
                0x0800aff0                _gfileInit
 .text._gfileFindSlot
                0x0800b000      0x100 build/obj/gfile.o
                0x0800b000                _gfileFindSlot
 .text.gfileOpen
                0x0800b100       0x60 build/obj/gfile.o
                0x0800b100                gfileOpen
 .text.gfileClose
                0x0800b160       0x20 build/obj/gfile.o
                0x0800b160                gfileClose
 .text.gfileRead
                0x0800b180       0x30 build/obj/gfile.o
                0x0800b180                gfileRead
 .text.gfileWrite
                0x0800b1b0       0x30 build/obj/gfile.o
                0x0800b1b0                gfileWrite
 .text.gfileGetPos
                0x0800b1e0       0x20 build/obj/gfile.o
                0x0800b1e0                gfileGetPos
 .text.gfileSetPos
                0x0800b200       0x30 build/obj/gfile.o
                0x0800b200                gfileSetPos
 .text.gfileGetSize
                0x0800b230       0x20 build/obj/gfile.o
                0x0800b230                gfileGetSize
 .text.gfileEOF
                0x0800b250       0x20 build/obj/gfile.o
                0x0800b250                gfileEOF
 .text.gfileOpenFileList
                0x0800b270       0x40 build/obj/gfile.o
                0x0800b270                gfileOpenFileList
 .text.gfileReadFileList
                0x0800b2b0       0x10 build/obj/gfile.o
                0x0800b2b0                gfileReadFileList
 .text.gfileCloseFileList
                0x0800b2c0       0x10 build/obj/gfile.o
                0x0800b2c0                gfileCloseFileList
 .text.fatfsGetSize
                0x0800b2d0       0x10 build/obj/gfile_fs_fatfs.o
 .text.fatfsEOF
                0x0800b2e0       0x10 build/obj/gfile_fs_fatfs.o
 .text.fatfsUnmount
                0x0800b2f0       0x20 build/obj/gfile_fs_fatfs.o
 .text.fatfsFlClose
                0x0800b310       0x20 build/obj/gfile_fs_fatfs.o
 .text.fatfsFlOpen
                0x0800b330       0x30 build/obj/gfile_fs_fatfs.o
 .text.fatfsSync
                0x0800b360       0x20 build/obj/gfile_fs_fatfs.o
 .text.fatfsSetPos
                0x0800b380       0x20 build/obj/gfile_fs_fatfs.o
 .text.fatfsWrite
                0x0800b3a0       0x20 build/obj/gfile_fs_fatfs.o
 .text.fatfsRead
                0x0800b3c0       0x20 build/obj/gfile_fs_fatfs.o
 .text.fatfsClose
                0x0800b3e0       0x20 build/obj/gfile_fs_fatfs.o
 .text.fatfsRename
                0x0800b400       0x10 build/obj/gfile_fs_fatfs.o
 .text.fatfsFileSize
                0x0800b410       0x20 build/obj/gfile_fs_fatfs.o
 .text.fatfsExists
                0x0800b430       0x20 build/obj/gfile_fs_fatfs.o
 .text.fatfsDel
                0x0800b450       0x10 build/obj/gfile_fs_fatfs.o
 .text.fatfsFlRead
                0x0800b460       0x70 build/obj/gfile_fs_fatfs.o
 .text.fatfsMount
                0x0800b4d0       0x30 build/obj/gfile_fs_fatfs.o
 .text.fatfsOpen
                0x0800b500       0x90 build/obj/gfile_fs_fatfs.o
 .text.get_ldnumber
                0x0800b590       0x50 build/obj/gfile_fatfs_wrapper.o
 .text.validate
                0x0800b5e0       0x30 build/obj/gfile_fatfs_wrapper.o
 .text.sync_window
                0x0800b610       0x70 build/obj/gfile_fatfs_wrapper.o
 .text.sync_fs  0x0800b680       0xe0 build/obj/gfile_fatfs_wrapper.o
 .text.move_window
                0x0800b760       0x30 build/obj/gfile_fatfs_wrapper.o
 .text.check_fs
                0x0800b790       0x90 build/obj/gfile_fatfs_wrapper.o
 .text.find_volume
                0x0800b820      0x400 build/obj/gfile_fatfs_wrapper.o
 .text.get_fat  0x0800bc20       0xd0 build/obj/gfile_fatfs_wrapper.o
                0x0800bc20                get_fat
 .text.dir_sdi  0x0800bcf0       0x90 build/obj/gfile_fatfs_wrapper.o
 .text.put_fat  0x0800bd80      0x110 build/obj/gfile_fatfs_wrapper.o
                0x0800bd80                put_fat
 .text.create_chain
                0x0800be90       0xb0 build/obj/gfile_fatfs_wrapper.o
 .text.dir_next
                0x0800bf40      0x130 build/obj/gfile_fatfs_wrapper.o
 .text.dir_remove
                0x0800c070       0x70 build/obj/gfile_fatfs_wrapper.o
 .text.dir_find.part.9
                0x0800c0e0      0x2b0 build/obj/gfile_fatfs_wrapper.o
 .text.dir_register
                0x0800c390      0x7f0 build/obj/gfile_fatfs_wrapper.o
 .text.dir_read.constprop.10
                0x0800cb80      0x360 build/obj/gfile_fatfs_wrapper.o
 .text.remove_chain
                0x0800cee0       0x60 build/obj/gfile_fatfs_wrapper.o
 .text.f_mount  0x0800cf40       0x60 build/obj/gfile_fatfs_wrapper.o
                0x0800cf40                f_mount
 .text.f_read   0x0800cfa0      0x1c0 build/obj/gfile_fatfs_wrapper.o
                0x0800cfa0                f_read
 .text.f_write  0x0800d160      0x250 build/obj/gfile_fatfs_wrapper.o
                0x0800d160                f_write
 .text.f_sync   0x0800d3b0       0xb0 build/obj/gfile_fatfs_wrapper.o
                0x0800d3b0                f_sync
 .text.f_close  0x0800d460       0x20 build/obj/gfile_fatfs_wrapper.o
                0x0800d460                f_close
 .text.f_lseek  0x0800d480      0x180 build/obj/gfile_fatfs_wrapper.o
                0x0800d480                f_lseek
 .text.f_closedir
                0x0800d600       0x10 build/obj/gfile_fatfs_wrapper.o
                0x0800d600                f_closedir
 .text.ff_convert
                0x0800d610       0x50 build/obj/gfile_fatfs_wrapper.o
                0x0800d610                ff_convert
 .text.follow_path
                0x0800d660      0x350 build/obj/gfile_fatfs_wrapper.o
 .text.get_fileinfo
                0x0800d9b0      0x290 build/obj/gfile_fatfs_wrapper.o
 .text.ff_memalloc
                0x0800dc40       0x10 build/obj/gfile_fatfs_wrapper.o
                0x0800dc40                ff_memalloc
 .text.f_rename
                0x0800dc50      0x1a0 build/obj/gfile_fatfs_wrapper.o
                0x0800dc50                f_rename
 .text.f_unlink
                0x0800ddf0       0xf0 build/obj/gfile_fatfs_wrapper.o
                0x0800ddf0                f_unlink
 .text.f_stat   0x0800dee0       0x60 build/obj/gfile_fatfs_wrapper.o
                0x0800dee0                f_stat
 .text.f_readdir
                0x0800df40       0x80 build/obj/gfile_fatfs_wrapper.o
                0x0800df40                f_readdir
 .text.f_opendir
                0x0800dfc0       0xa0 build/obj/gfile_fatfs_wrapper.o
                0x0800dfc0                f_opendir
 .text.f_open   0x0800e060      0x1b0 build/obj/gfile_fatfs_wrapper.o
                0x0800e060                f_open
 .text.disk_initialize
                0x0800e210       0x30 build/obj/gfile_fatfs_diskio_chibios.o
                0x0800e210                disk_initialize
 .text.disk_status
                0x0800e240       0x30 build/obj/gfile_fatfs_diskio_chibios.o
                0x0800e240                disk_status
 .text.disk_read
                0x0800e270       0x30 build/obj/gfile_fatfs_diskio_chibios.o
                0x0800e270                disk_read
 .text.disk_write
                0x0800e2a0       0x30 build/obj/gfile_fatfs_diskio_chibios.o
                0x0800e2a0                disk_write
 .text.disk_ioctl
                0x0800e2d0       0x40 build/obj/gfile_fatfs_diskio_chibios.o
                0x0800e2d0                disk_ioctl
 .text.get_fattime
                0x0800e310       0x10 build/obj/gfile_fatfs_diskio_chibios.o
                0x0800e310                get_fattime
 .text.set_cursor
                0x0800e320       0xa0 build/obj/gdisp_lld_SSD1289.o
 .text.set_viewport
                0x0800e3c0      0x120 build/obj/gdisp_lld_SSD1289.o
 .text.gdisp_lld_write_start
                0x0800e4e0       0x10 build/obj/gdisp_lld_SSD1289.o
                0x0800e4e0                gdisp_lld_write_start
 .text.gdisp_lld_write_color
                0x0800e4f0       0x10 build/obj/gdisp_lld_SSD1289.o
                0x0800e4f0                gdisp_lld_write_color
 .text.gdisp_lld_write_stop
                0x0800e500       0x10 build/obj/gdisp_lld_SSD1289.o
                0x0800e500                gdisp_lld_write_stop
 .text.gdisp_lld_write_pos
                0x0800e510       0x10 build/obj/gdisp_lld_SSD1289.o
                0x0800e510                gdisp_lld_write_pos
 .text.gdisp_lld_read_start
                0x0800e520       0x40 build/obj/gdisp_lld_SSD1289.o
                0x0800e520                gdisp_lld_read_start
 .text.gdisp_lld_read_color
                0x0800e560       0x10 build/obj/gdisp_lld_SSD1289.o
                0x0800e560                gdisp_lld_read_color
 .text.gdisp_lld_read_stop
                0x0800e570       0x10 build/obj/gdisp_lld_SSD1289.o
                0x0800e570                gdisp_lld_read_stop
 .text.gdisp_lld_control
                0x0800e580      0x130 build/obj/gdisp_lld_SSD1289.o
                0x0800e580                gdisp_lld_control
 .text.gdisp_lld_init
                0x0800e6b0      0x340 build/obj/gdisp_lld_SSD1289.o
                0x0800e6b0                gdisp_lld_init
 .text.init_board
                0x0800e9f0       0x70 build/obj/gmouse_lld_ADS7843.o
 .text.MouseXYZ
                0x0800ea60       0xc0 build/obj/gmouse_lld_ADS7843.o
 .text.createMainScreen
                0x0800eb20      0x840 build/obj/mainScreen.o
                0x0800eb20                createMainScreen
 .text.destroyMainScreen
                0x0800f360       0xf0 build/obj/mainScreen.o
                0x0800f360                destroyMainScreen
 .text.createCallScreen
                0x0800f450      0x2b0 build/obj/callScreen.o
                0x0800f450                createCallScreen
 .text.destroyCallScreen
                0x0800f700       0x60 build/obj/callScreen.o
                0x0800f700                destroyCallScreen
 .text.createCallsScreen
                0x0800f760      0x3d0 build/obj/callsScreen.o
                0x0800f760                createCallsScreen
 .text.destroyCallsScreen
                0x0800fb30       0x80 build/obj/callsScreen.o
                0x0800fb30                destroyCallsScreen
 .text.createMakeCallScreen
                0x0800fbb0      0x590 build/obj/callsScreen.o
                0x0800fbb0                createMakeCallScreen
 .text.destroyMakeCallScreen
                0x08010140       0xe0 build/obj/callsScreen.o
                0x08010140                destroyMakeCallScreen
 .text.createSettingsScreen
                0x08010220      0x2f0 build/obj/settingsScreen.o
                0x08010220                createSettingsScreen
 .text.destroySettingsScreen
                0x08010510       0x60 build/obj/settingsScreen.o
                0x08010510                destroySettingsScreen
 .text.createGalleryScreen
                0x08010570      0x330 build/obj/gallery.o
                0x08010570                createGalleryScreen
 .text.destroyGalleryScreen
                0x080108a0       0x70 build/obj/gallery.o
                0x080108a0                destroyGalleryScreen
 .text.setPicture
                0x08010910       0x70 build/obj/gallery.o
                0x08010910                setPicture
 .text.createContactsScreen
                0x08010980      0x3d0 build/obj/contactsScreen.o
                0x08010980                createContactsScreen
 .text.destroyContactsScreen
                0x08010d50       0x50 build/obj/contactsScreen.o
                0x08010d50                destroyContactsScreen
 .text.createContactAddScreen
                0x08010da0      0xa40 build/obj/contactsScreen.o
                0x08010da0                createContactAddScreen
 .text.destroyContactAddScreen
                0x080117e0      0x360 build/obj/contactsScreen.o
                0x080117e0                destroyContactAddScreen
 .text.calls_t  0x08011b40       0xa0 build/obj/calls_t.o
                0x08011b40                calls_t
 .text.messages_t
                0x08011be0       0x10 build/obj/messages_t.o
                0x08011be0                messages_t
 .text.audioPlayer_t
                0x08011bf0       0x10 build/obj/audioPlayer_t.o
                0x08011bf0                audioPlayer_t
 .text.gallery_t
                0x08011c00       0x20 build/obj/gallery_t.o
                0x08011c00                gallery_t
 .text.contacts_t
                0x08011c20       0x90 build/obj/contacts_t.o
                0x08011c20                contacts_t
 .text.configuration_t
                0x08011cb0       0x60 build/obj/configuration_t.o
                0x08011cb0                configuration_t
 .text.getContact
                0x08011d10       0x60 build/obj/gui_t.o
 .text.destroyCurrentScreen
                0x08011d70       0x30 build/obj/gui_t.o
 .text.createNextScreen
                0x08011da0       0x60 build/obj/gui_t.o
 .text.gui_t    0x08011e00      0xbf0 build/obj/gui_t.o
                0x08011e00                gui_t
 .text.uart_t   0x080129f0      0x200 build/obj/uart_t.o
                0x080129f0                uart_t
 .text.initGsm  0x08012bf0       0x60 build/obj/gsm.o
                0x08012bf0                initGsm
 .text.callNumber
                0x08012c50       0x50 build/obj/gsm.o
                0x08012c50                callNumber
 .text.hangUp   0x08012ca0       0x30 build/obj/gsm.o
                0x08012ca0                hangUp
 .text.deleteSms
                0x08012cd0       0x60 build/obj/gsm.o
                0x08012cd0                deleteSms
 .text.getSms   0x08012d30       0x60 build/obj/gsm.o
                0x08012d30                getSms
 .text.sdReadLine
                0x08012d90       0x60 build/obj/gsm.o
                0x08012d90                sdReadLine
 .text.match_op
                0x08012df0      0x200 build/obj/slre.o
 .text.get_op_len
                0x08012ff0       0x70 build/obj/slre.o
 .text.bar      0x08013060      0x5a0 build/obj/slre.o
 .text.doh      0x08013600       0x80 build/obj/slre.o
 .text.slre_match
                0x08013680      0x3f0 build/obj/slre.o
                0x08013680                slre_match
 .text.writeLine
                0x08013a70       0x50 build/obj/sdcard.o
 .text.readLine
                0x08013ac0       0x70 build/obj/sdcard.o
 .text.initSdio
                0x08013b30       0x20 build/obj/sdcard.o
                0x08013b30                initSdio
 .text.readConfiguration
                0x08013b50       0x70 build/obj/sdcard.o
                0x08013b50                readConfiguration
 .text.writeConfiguration
                0x08013bc0       0xf0 build/obj/sdcard.o
                0x08013bc0                writeConfiguration
 .text.getThemes
                0x08013cb0       0xd0 build/obj/sdcard.o
                0x08013cb0                getThemes
 .text.getPictures
                0x08013d80       0xd0 build/obj/sdcard.o
                0x08013d80                getPictures
 .text.getContacts
                0x08013e50      0x130 build/obj/sdcard.o
                0x08013e50                getContacts
 .text.addContact
                0x08013f80       0x80 build/obj/sdcard.o
                0x08013f80                addContact
 .text.deleteContact
                0x08014000       0xa0 build/obj/sdcard.o
                0x08014000                deleteContact
 .text.getContact
                0x080140a0       0xc0 build/obj/sdcard.o
                0x080140a0                getContact
 .text.getCalls
                0x08014160      0x100 build/obj/sdcard.o
                0x08014160                getCalls
 .text.addCall  0x08014260       0x50 build/obj/sdcard.o
                0x08014260                addCall
 .text.deleteCalls
                0x080142b0       0x60 build/obj/sdcard.o
                0x080142b0                deleteCalls
 .text.atoi     0x08014310        0x8 c:/chibistudio/tools/gnu tools arm embedded/4.7 2014q2/bin/../lib/gcc/arm-none-eabi/4.7.4/../../../../arm-none-eabi/lib/armv7e-m\libg.a(lib_a-atoi.o)
                0x08014310                atoi
 *fill*         0x08014318        0x8 00
 .text.memcpy   0x08014320      0x144 c:/chibistudio/tools/gnu tools arm embedded/4.7 2014q2/bin/../lib/gcc/arm-none-eabi/4.7.4/../../../../arm-none-eabi/lib/armv7e-m\libg.a(lib_a-memcpy.o)
                0x08014320                memcpy
 *fill*         0x08014464        0xc 00
 .text.memset   0x08014470      0x12c c:/chibistudio/tools/gnu tools arm embedded/4.7 2014q2/bin/../lib/gcc/arm-none-eabi/4.7.4/../../../../arm-none-eabi/lib/armv7e-m\libg.a(lib_a-memset.o)
                0x08014470                memset
 *fill*         0x0801459c        0x4 00
 .text.strcat   0x080145a0       0x4c c:/chibistudio/tools/gnu tools arm embedded/4.7 2014q2/bin/../lib/gcc/arm-none-eabi/4.7.4/../../../../arm-none-eabi/lib/armv7e-m\libg.a(lib_a-strcat.o)
                0x080145a0                strcat
 *fill*         0x080145ec        0x4 00
 .text.strchr   0x080145f0       0xfc c:/chibistudio/tools/gnu tools arm embedded/4.7 2014q2/bin/../lib/gcc/arm-none-eabi/4.7.4/../../../../arm-none-eabi/lib/armv7e-m\libg.a(lib_a-strchr.o)
                0x080145f0                strchr
 *fill*         0x080146ec        0x4 00
 .text.strcmp   0x080146f0       0x80 c:/chibistudio/tools/gnu tools arm embedded/4.7 2014q2/bin/../lib/gcc/arm-none-eabi/4.7.4/../../../../arm-none-eabi/lib/armv7e-m\libg.a(lib_a-strcmp.o)
                0x080146f0                strcmp
 .text.strcmp_unaligned
                0x08014770      0x15c c:/chibistudio/tools/gnu tools arm embedded/4.7 2014q2/bin/../lib/gcc/arm-none-eabi/4.7.4/../../../../arm-none-eabi/lib/armv7e-m\libg.a(lib_a-strcmp.o)
 *fill*         0x080148cc        0x4 00
 .text.strcpy   0x080148d0       0xbc c:/chibistudio/tools/gnu tools arm embedded/4.7 2014q2/bin/../lib/gcc/arm-none-eabi/4.7.4/../../../../arm-none-eabi/lib/armv7e-m\libg.a(lib_a-strcpy.o)
                0x080148d0                strcpy
 *fill*         0x0801498c        0x4 00
 .text.strlcat  0x08014990       0x88 c:/chibistudio/tools/gnu tools arm embedded/4.7 2014q2/bin/../lib/gcc/arm-none-eabi/4.7.4/../../../../arm-none-eabi/lib/armv7e-m\libg.a(lib_a-strlcat.o)
                0x08014990                strlcat
 *fill*         0x08014a18        0x8 00
 .text.strlcpy  0x08014a20       0x84 c:/chibistudio/tools/gnu tools arm embedded/4.7 2014q2/bin/../lib/gcc/arm-none-eabi/4.7.4/../../../../arm-none-eabi/lib/armv7e-m\libg.a(lib_a-strlcpy.o)
                0x08014a20                strlcpy
 *fill*         0x08014aa4        0xc 00
 .text.strlen   0x08014ab0       0x60 c:/chibistudio/tools/gnu tools arm embedded/4.7 2014q2/bin/../lib/gcc/arm-none-eabi/4.7.4/../../../../arm-none-eabi/lib/armv7e-m\libg.a(lib_a-strlen.o)
                0x08014ab0                strlen
 .text.strncpy  0x08014b10      0x110 c:/chibistudio/tools/gnu tools arm embedded/4.7 2014q2/bin/../lib/gcc/arm-none-eabi/4.7.4/../../../../arm-none-eabi/lib/armv7e-m\libg.a(lib_a-strncpy.o)
                0x08014b10                strncpy
 .text.critical_factorization
                0x08014c20       0xbc c:/chibistudio/tools/gnu tools arm embedded/4.7 2014q2/bin/../lib/gcc/arm-none-eabi/4.7.4/../../../../arm-none-eabi/lib/armv7e-m\libg.a(lib_a-strstr.o)
 *fill*         0x08014cdc        0x4 00
 .text.two_way_long_needle
                0x08014ce0      0x318 c:/chibistudio/tools/gnu tools arm embedded/4.7 2014q2/bin/../lib/gcc/arm-none-eabi/4.7.4/../../../../arm-none-eabi/lib/armv7e-m\libg.a(lib_a-strstr.o)
 *fill*         0x08014ff8        0x8 00
 .text.strstr   0x08015000      0x2f0 c:/chibistudio/tools/gnu tools arm embedded/4.7 2014q2/bin/../lib/gcc/arm-none-eabi/4.7.4/../../../../arm-none-eabi/lib/armv7e-m\libg.a(lib_a-strstr.o)
                0x08015000                strstr
 .text._strtol_r
                0x080152f0      0x134 c:/chibistudio/tools/gnu tools arm embedded/4.7 2014q2/bin/../lib/gcc/arm-none-eabi/4.7.4/../../../../arm-none-eabi/lib/armv7e-m\libg.a(lib_a-strtol.o)
                0x080152f0                _strtol_r
 *fill*         0x08015424        0xc 00
 .text.strtol   0x08015430       0x1c c:/chibistudio/tools/gnu tools arm embedded/4.7 2014q2/bin/../lib/gcc/arm-none-eabi/4.7.4/../../../../arm-none-eabi/lib/armv7e-m\libg.a(lib_a-strtol.o)
                0x08015430                strtol
 *fill*         0x0801544c        0x4 00
 .text.memchr   0x08015450      0x140 c:/chibistudio/tools/gnu tools arm embedded/4.7 2014q2/bin/../lib/gcc/arm-none-eabi/4.7.4/../../../../arm-none-eabi/lib/armv7e-m\libg.a(lib_a-memchr.o)
                0x08015450                memchr
 .text.memcmp   0x08015590       0xb8 c:/chibistudio/tools/gnu tools arm embedded/4.7 2014q2/bin/../lib/gcc/arm-none-eabi/4.7.4/../../../../arm-none-eabi/lib/armv7e-m\libg.a(lib_a-memcmp.o)
                0x08015590                memcmp
 *(.rodata)
 *fill*         0x08015648        0x8 00
 .rodata        0x08015650       0x18 build/obj/gdisp_lld_SSD1289.o
 *(.rodata.*)
 *fill*         0x08015668        0x8 00
 .rodata.str1.4
                0x08015670        0x5 build/obj/chsys.o
                                  0x8 (size before relaxing)
 *fill*         0x08015675        0xb 00
 .rodata.str1.4
                0x08015680       0x56 build/obj/chdebug.o
                                 0x58 (size before relaxing)
 *fill*         0x080156d6        0xa 00
 .rodata.ch_debug
                0x080156e0       0x18 build/obj/chregistry.o
                0x080156e0                ch_debug
 *fill*         0x080156f8        0x8 00
 .rodata.sdc_vmt
                0x08015700       0x20 build/obj/sdc.o
 .rodata.vmt    0x08015720       0x20 build/obj/serial.o
 .rodata._stm32_dma_streams
                0x08015740       0xc0 build/obj/stm32_dma.o
                0x08015740                _stm32_dma_streams
 .rodata.default_config
                0x08015800        0xc build/obj/serial_lld.o
 *fill*         0x0801580c        0x4 00
 .rodata.pal_default_config
                0x08015810       0xfc build/obj/board.o
                0x08015810                pal_default_config
 *fill*         0x0801590c        0x4 00
 .rodata.BitMask
                0x08015910       0x1c build/obj/gdisp_image_gif.o
 *fill*         0x0801592c        0x4 00
 .rodata.mf_rlefont_UI2_dictionary_offsets
                0x08015930       0x7c build/obj/mf_font.o
 *fill*         0x080159ac        0x4 00
 .rodata.mf_rlefont_UI2_dictionary_data
                0x080159b0       0xa0 build/obj/mf_font.o
 .rodata.mf_rlefont_UI2_glyph_offsets_0
                0x08015a50       0xc0 build/obj/mf_font.o
 .rodata.mf_rlefont_UI2_Double
                0x08015b10       0x24 build/obj/mf_font.o
                0x08015b10                mf_rlefont_UI2_Double
 *fill*         0x08015b34        0xc 00
 .rodata.mf_rlefont_UI2_glyph_data_0
                0x08015b40      0x338 build/obj/mf_font.o
 *fill*         0x08015e78        0x8 00
 .rodata.str1.4
                0x08015e80       0x1c build/obj/mf_font.o
 *fill*         0x08015e9c        0x4 00
 .rodata.mf_rlefont_UI2_char_ranges
                0x08015ea0        0xc build/obj/mf_font.o
 *fill*         0x08015eac        0x4 00
 .rodata.mf_rlefont_UI2_listentry
                0x08015eb0        0x8 build/obj/mf_font.o
 *fill*         0x08015eb8        0x8 00
 .rodata.mf_rlefont_UI2_Narrow
                0x08015ec0       0x24 build/obj/mf_font.o
                0x08015ec0                mf_rlefont_UI2_Narrow
 *fill*         0x08015ee4        0xc 00
 .rodata.mf_rlefont_UI2_Narrow_listentry
                0x08015ef0        0x8 build/obj/mf_font.o
 *fill*         0x08015ef8        0x8 00
 .rodata.mf_rlefont_UI2
                0x08015f00       0x30 build/obj/mf_font.o
                0x08015f00                mf_rlefont_UI2
 .rodata.mf_rlefont_UI2_Double_listentry
                0x08015f30        0x8 build/obj/mf_font.o
 *fill*         0x08015f38        0x8 00
 .rodata.BlackWidgetStyle
                0x08015f40       0x1c build/obj/gwin_widget.o
                0x08015f40                BlackWidgetStyle
 *fill*         0x08015f5c        0x4 00
 .rodata.WhiteWidgetStyle
                0x08015f60       0x1c build/obj/gwin_widget.o
                0x08015f60                WhiteWidgetStyle
 .rodata.str1.4
                0x00000000       0x1c build/obj/gwin_widget.o
                                  0x4 (size before relaxing)
 *fill*         0x08015f7c        0x4 00
 .rodata.GNullWindowManagerVMT
                0x08015f80       0x24 build/obj/gwin_wm.o
 *fill*         0x08015fa4        0xc 00
 .rodata.GNullWindowManager
                0x08015fb0        0x4 build/obj/gwin_wm.o
                0x08015fb0                GNullWindowManager
 *fill*         0x08015fb4        0xc 00
 .rodata.buttonVMT
                0x08015fc0       0x24 build/obj/gwin_button.o
 *fill*         0x08015fe4        0xc 00
 .rodata.str1.4
                0x08015ff0        0x7 build/obj/gwin_button.o
                                  0x8 (size before relaxing)
 *fill*         0x08015ff7        0x9 00
 .rodata.str1.4
                0x08016000        0x7 build/obj/gwin_slider.o
                                  0x8 (size before relaxing)
 *fill*         0x08016007        0x9 00
 .rodata.sliderVMT
                0x08016010       0x24 build/obj/gwin_slider.o
 *fill*         0x08016034        0xc 00
 .rodata.imageVMT
                0x08016040       0x14 build/obj/gwin_image.o
 *fill*         0x08016054        0xc 00
 .rodata.str1.4
                0x08016060        0x6 build/obj/gwin_image.o
                                  0x8 (size before relaxing)
 *fill*         0x08016066        0xa 00
 .rodata.labelVMT
                0x08016070       0x24 build/obj/gwin_label.o
 *fill*         0x08016094        0xc 00
 .rodata.str1.4
                0x080160a0        0x6 build/obj/gwin_label.o
                                  0x8 (size before relaxing)
 *fill*         0x080160a6        0xa 00
 .rodata.listVMT
                0x080160b0       0x24 build/obj/gwin_list.o
 *fill*         0x080160d4        0xc 00
 .rodata.str1.4
                0x080160e0        0x5 build/obj/gwin_list.o
                                  0x8 (size before relaxing)
 *fill*         0x080160e5        0xb 00
 .rodata.containerVMT
                0x080160f0       0x3c build/obj/gwin_container.o
 *fill*         0x0801612c        0x4 00
 .rodata.str1.4
                0x08016130        0xa build/obj/gwin_container.o
                                  0xc (size before relaxing)
 *fill*         0x0801613a        0x6 00
 .rodata.str1.4
                0x08016140       0x3c build/obj/ginput_mouse.o
 *fill*         0x0801617c        0x4 00
 .rodata.FsFatFSVMT
                0x08016180       0x48 build/obj/gfile_fs_fatfs.o
                0x08016180                FsFatFSVMT
 .rodata.str1.4
                0x00000000        0x4 build/obj/gfile_fs_fatfs.o
 *fill*         0x080161c8        0x8 00
 .rodata.Tbl    0x080161d0      0x100 build/obj/gfile_fatfs_wrapper.o
 .rodata.tbl_lower.8868
                0x080162d0      0x1e0 build/obj/gfile_fatfs_wrapper.o
 .rodata.str1.4
                0x080164b0       0x13 build/obj/gfile_fatfs_wrapper.o
                                 0x14 (size before relaxing)
 *fill*         0x080164c3        0xd 00
 .rodata.ExCvt  0x080164d0       0x80 build/obj/gfile_fatfs_wrapper.o
 .rodata.LfnOfs
                0x08016550       0x10 build/obj/gfile_fatfs_wrapper.o
 .rodata.tbl_upper.8869
                0x08016560      0x1e0 build/obj/gfile_fatfs_wrapper.o
 .rodata.pwmcfg
                0x08016740       0x34 build/obj/gdisp_lld_SSD1289.o
 *fill*         0x08016774        0xc 00
 .rodata.GDISPVMT_OnlyOne
                0x08016780       0x60 build/obj/gdisp_lld_SSD1289.o
                0x08016780                GDISPVMT_OnlyOne
 .rodata.GMOUSEVMT_OnlyOne
                0x080167e0       0x3c build/obj/gmouse_lld_ADS7843.o
                0x080167e0                GMOUSEVMT_OnlyOne
 *fill*         0x0801681c        0x4 00
 .rodata.spicfg
                0x08016820        0xc build/obj/gmouse_lld_ADS7843.o
 *fill*         0x0801682c        0x4 00
 .rodata.str1.4
                0x08016830      0x1d4 build/obj/mainScreen.o
                                0x1e4 (size before relaxing)
 *fill*         0x08016a04        0xc 00
 .rodata.str1.4
                0x08016a10       0x38 build/obj/callScreen.o
                                 0x74 (size before relaxing)
 *fill*         0x08016a48        0x8 00
 .rodata.str1.4
                0x08016a50       0xa6 build/obj/callsScreen.o
                                 0xec (size before relaxing)
 *fill*         0x08016af6        0xa 00
 .rodata.str1.4
                0x08016b00       0x13 build/obj/settingsScreen.o
                                 0x70 (size before relaxing)
 *fill*         0x08016b13        0xd 00
 .rodata.str1.4
                0x08016b20       0x56 build/obj/gallery.o
                                 0xb4 (size before relaxing)
 *fill*         0x08016b76        0xa 00
 .rodata.str1.4
                0x08016b80       0x8e build/obj/contactsScreen.o
                                0x174 (size before relaxing)
 .rodata.str1.4
                0x00000000       0x20 build/obj/gui_t.o
 *fill*         0x08016c0e        0x2 00
 .rodata.str1.4
                0x08016c10       0x5f build/obj/uart_t.o
                                 0x60 (size before relaxing)
 *fill*         0x08016c6f        0x1 00
 .rodata.str1.4
                0x08016c70       0x51 build/obj/gsm.o
                                 0x54 (size before relaxing)
 *fill*         0x08016cc1        0xf 00
 .rodata.str1.4
                0x08016cd0       0x16 build/obj/slre.o
                                 0x18 (size before relaxing)
 *fill*         0x08016ce6        0xa 00
 .rodata.str1.4
                0x08016cf0       0x73 build/obj/sdcard.o
                                 0x80 (size before relaxing)
 .rodata.str1.4
                0x00000000        0x4 build/obj/main.o
 *fill*         0x08016d63        0xd 00
 .rodata._ctype_
                0x08016d70      0x104 c:/chibistudio/tools/gnu tools arm embedded/4.7 2014q2/bin/../lib/gcc/arm-none-eabi/4.7.4/../../../../arm-none-eabi/lib/armv7e-m\libg.a(lib_a-ctype_.o)
                0x08016d70                _ctype_
 .rodata.str1.4
                0x00000000       0x74 c:/chibistudio/tools/gnu tools arm embedded/4.7 2014q2/bin/../lib/gcc/arm-none-eabi/4.7.4/../../../../arm-none-eabi/lib/armv7e-m\libg.a(lib_a-impure.o)
                                  0x4 (size before relaxing)
 *(.glue_7t)
 .glue_7t       0x00000000        0x0 linker stubs
 *(.glue_7)
 .glue_7        0x00000000        0x0 linker stubs
 *(.gcc*)

.vfp11_veneer   0x08016e74        0x0
 .vfp11_veneer  0x00000000        0x0 linker stubs

.v4_bx          0x08016e74        0x0
 .v4_bx         0x00000000        0x0 linker stubs

.iplt           0x08016e74        0x0
 .iplt          0x00000000        0x0 build/obj/crt0.o

.rel.dyn        0x08016e74        0x0
 .rel.iplt      0x00000000        0x0 build/obj/crt0.o

.ARM.extab
 *(.ARM.extab* .gnu.linkonce.armextab.*)

.ARM.exidx      0x08016e74        0x0
                0x08016e74                PROVIDE (__exidx_start, .)
 *(.ARM.exidx* .gnu.linkonce.armexidx.*)
                0x08016e74                PROVIDE (__exidx_end, .)

.eh_frame_hdr
 *(.eh_frame_hdr)

.eh_frame
 *(.eh_frame)

.textalign      0x08016e74        0x4
                0x08016e78                . = ALIGN (0x8)
 *fill*         0x08016e74        0x4 00
                0x08016e78                . = ALIGN (0x4)
                0x08016e78                _etext = .
                0x08016e78                _textdata = _etext

.stacks         0x20000000      0x800
                0x20000000                . = ALIGN (0x8)
                0x20000000                __main_stack_base__ = .
                0x20000400                . = (. + __main_stack_size__)
 *fill*         0x20000000      0x400 00
                0x20000400                . = ALIGN (0x8)
                0x20000400                __main_stack_end__ = .
                0x20000400                __process_stack_base__ = .
                0x20000400                __main_thread_stack_base__ = .
                0x20000800                . = (. + __process_stack_size__)
 *fill*         0x20000400      0x400 00
                0x20000800                . = ALIGN (0x8)
                0x20000800                __process_stack_end__ = .
                0x20000800                __main_thread_stack_end__ = .

.data           0x20000800      0x454 load address 0x08016e78
                0x20000800                . = ALIGN (0x4)
                0x20000800                PROVIDE (_data, .)
 *(.data)
                0x20000800                . = ALIGN (0x4)
 *(.data.*)
 .data.ImageHandlers
                0x20000800       0x14 build/obj/gdisp_image.o
 .data.defaultFgColor
                0x20000814        0x2 build/obj/gwin.o
 *fill*         0x20000816        0x2 00
 .data.defaultStyle
                0x20000818        0x4 build/obj/gwin_widget.o
 .data.FsArray  0x2000081c        0x4 build/obj/gfile.o
 .data.__ctype_ptr__
                0x20000820        0x4 c:/chibistudio/tools/gnu tools arm embedded/4.7 2014q2/bin/../lib/gcc/arm-none-eabi/4.7.4/../../../../arm-none-eabi/lib/armv7e-m\libg.a(lib_a-ctype_.o)
                0x20000820                __ctype_ptr__
 *fill*         0x20000824        0x4 00
 .data.impure_data
                0x20000828      0x428 c:/chibistudio/tools/gnu tools arm embedded/4.7 2014q2/bin/../lib/gcc/arm-none-eabi/4.7.4/../../../../arm-none-eabi/lib/armv7e-m\libg.a(lib_a-impure.o)
 .data._impure_ptr
                0x20000c50        0x4 c:/chibistudio/tools/gnu tools arm embedded/4.7 2014q2/bin/../lib/gcc/arm-none-eabi/4.7.4/../../../../arm-none-eabi/lib/armv7e-m\libg.a(lib_a-impure.o)
                0x20000c50                _impure_ptr
                0x20000c54                . = ALIGN (0x4)
 *(.ramtext)
                0x20000c54                . = ALIGN (0x4)
                0x20000c54                PROVIDE (_edata, .)

.igot.plt       0x20000c54        0x0 load address 0x080172cc
 .igot.plt      0x00000000        0x0 build/obj/crt0.o

.bss            0x20000c58     0x4aa0 load address 0x080172cc
                0x20000c58                . = ALIGN (0x4)
                0x20000c58                PROVIDE (_bss_start, .)
 *(.bss)
                0x20000c58                . = ALIGN (0x4)
 *(.bss.*)
 .bss._idle_thread_wa
                0x20000c58       0xe0 build/obj/chsys.o
                0x20000c58                _idle_thread_wa
 .bss.mainthread.4800
                0x20000d38       0x48 build/obj/chsys.o
 .bss.dbg_isr_cnt
                0x20000d80        0x4 build/obj/chdebug.o
                0x20000d80                dbg_isr_cnt
 .bss.dbg_lock_cnt
                0x20000d84        0x4 build/obj/chdebug.o
                0x20000d84                dbg_lock_cnt
 .bss.dbg_panic_msg
                0x20000d88        0x4 build/obj/chdebug.o
                0x20000d88                dbg_panic_msg
 .bss.vtlist    0x20000d8c       0x10 build/obj/chvt.o
                0x20000d8c                vtlist
 .bss.rlist     0x20000d9c       0x1c build/obj/chschd.o
                0x20000d9c                rlist
 .bss.endmem    0x20000db8        0x4 build/obj/chmemcore.o
 .bss.nextmem   0x20000dbc        0x4 build/obj/chmemcore.o
 .bss.default_heap
                0x20000dc0       0x20 build/obj/chheap.o
 .bss.dma_isr_redir
                0x20000de0       0x80 build/obj/stm32_dma.o
 .bss.dma_streams_mask
                0x20000e60        0x4 build/obj/stm32_dma.o
 .bss.SDCD1     0x20000e64       0x48 build/obj/sdc_lld.o
                0x20000e64                SDCD1
 .bss.u         0x20000eac      0x200 build/obj/sdc_lld.o
 .bss.dummytx   0x200010ac        0x2 build/obj/spi_lld.o
 *fill*         0x200010ae        0x2 00
 .bss.SPID2     0x200010b0       0x30 build/obj/spi_lld.o
                0x200010b0                SPID2
 .bss.PWMD3     0x200010e0       0x14 build/obj/pwm_lld.o
                0x200010e0                PWMD3
 .bss.SD2       0x200010f4      0x260 build/obj/serial_lld.o
                0x200010f4                SD2
 .bss.initDone  0x20001354        0x1 build/obj/gfx.o
 *fill*         0x20001355        0x3 00
 .bss.dtail     0x20001358        0x4 build/obj/gdriver.o
 .bss.dhead     0x2000135c        0x4 build/obj/gdriver.o
 .bss.GDISP     0x20001360        0x4 build/obj/gdisp.o
                0x20001360                GDISP
 .bss.Assignments
                0x20001364      0x200 build/obj/gevent.o
 .bss.geventMutex
                0x20001564       0x10 build/obj/gevent.o
 .bss.mutex     0x20001574       0x10 build/obj/gtimer.o
 .bss.hThread   0x20001584        0x4 build/obj/gtimer.o
 .bss.waTimerThread
                0x20001588      0x8d0 build/obj/gtimer.o
 .bss.pTimerHead
                0x20001e58        0x4 build/obj/gtimer.o
 .bss.waitsem   0x20001e5c       0x10 build/obj/gtimer.o
 .bss.defaultFont
                0x20001e6c        0x4 build/obj/gwin.o
 .bss.defaultBgColor