Archive member included because of file (symbol)

/usr/bin/../lib/gcc/arm-none-eabi/4.9.3/armv7e-m/libgcc.a(_arm_addsubdf3.o)
                              build/src/uart.o (__aeabi_dsub)
/usr/bin/../lib/gcc/arm-none-eabi/4.9.3/armv7e-m/libgcc.a(_arm_muldivdf3.o)
                              build/src/uart.o (__aeabi_dmul)
/usr/bin/../lib/gcc/arm-none-eabi/4.9.3/armv7e-m/libgcc.a(_arm_fixunsdfsi.o)
                              build/src/uart.o (__aeabi_d2uiz)
/usr/bin/../lib/gcc/arm-none-eabi/4.9.3/../../../../arm-none-eabi/lib/armv7e-m/libg.a(lib_a-exit.o)
                              /usr/bin/../lib/gcc/arm-none-eabi/4.9.3/../../../../arm-none-eabi/lib/armv7e-m/crt0.o (exit)
/usr/bin/../lib/gcc/arm-none-eabi/4.9.3/../../../../arm-none-eabi/lib/armv7e-m/libg.a(lib_a-impure.o)
                              /usr/bin/../lib/gcc/arm-none-eabi/4.9.3/../../../../arm-none-eabi/lib/armv7e-m/libg.a(lib_a-exit.o) (_global_impure_ptr)
/usr/bin/../lib/gcc/arm-none-eabi/4.9.3/../../../../arm-none-eabi/lib/armv7e-m/libg.a(lib_a-init.o)
                              /usr/bin/../lib/gcc/arm-none-eabi/4.9.3/../../../../arm-none-eabi/lib/armv7e-m/crt0.o (__libc_init_array)
/usr/bin/../lib/gcc/arm-none-eabi/4.9.3/../../../../arm-none-eabi/lib/armv7e-m/libg.a(lib_a-memset.o)
                              /usr/bin/../lib/gcc/arm-none-eabi/4.9.3/../../../../arm-none-eabi/lib/armv7e-m/crt0.o (memset)
/usr/bin/../lib/gcc/arm-none-eabi/4.9.3/../../../../arm-none-eabi/lib/armv7e-m/libg.a(lib_a-__call_atexit.o)
                              /usr/bin/../lib/gcc/arm-none-eabi/4.9.3/../../../../arm-none-eabi/lib/armv7e-m/libg.a(lib_a-exit.o) (__call_exitprocs)
/usr/bin/../lib/gcc/arm-none-eabi/4.9.3/../../../../arm-none-eabi/lib/armv7e-m/libg.a(lib_a-atexit.o)
                              /usr/bin/../lib/gcc/arm-none-eabi/4.9.3/../../../../arm-none-eabi/lib/armv7e-m/libg.a(lib_a-__call_atexit.o) (atexit)
/usr/bin/../lib/gcc/arm-none-eabi/4.9.3/../../../../arm-none-eabi/lib/armv7e-m/libg.a(lib_a-fini.o)
                              /usr/bin/../lib/gcc/arm-none-eabi/4.9.3/../../../../arm-none-eabi/lib/armv7e-m/libg.a(lib_a-__call_atexit.o) (__libc_fini_array)
/usr/bin/../lib/gcc/arm-none-eabi/4.9.3/../../../../arm-none-eabi/lib/armv7e-m/libg.a(lib_a-__atexit.o)
                              /usr/bin/../lib/gcc/arm-none-eabi/4.9.3/../../../../arm-none-eabi/lib/armv7e-m/libg.a(lib_a-atexit.o) (__register_exitproc)
/usr/bin/../lib/gcc/arm-none-eabi/4.9.3/../../../../arm-none-eabi/lib/armv7e-m/libnosys.a(_exit.o)
                              /usr/bin/../lib/gcc/arm-none-eabi/4.9.3/../../../../arm-none-eabi/lib/armv7e-m/libg.a(lib_a-exit.o) (_exit)
/usr/bin/../lib/gcc/arm-none-eabi/4.9.3/../../../../arm-none-eabi/lib/armv7e-m/libm.a(lib_a-s_round.o)
                              build/src/uart.o (round)

Allocating common symbols
Common symbol       size              file

response            0x8               build/src/main.o
mode                0xf               build/src/main.o
imageInfo           0x2c              build/src/main.o

Discarded input sections

 .debug_frame   0x0000000000000000       0x30 /usr/bin/../lib/gcc/arm-none-eabi/4.9.3/../../../../arm-none-eabi/lib/armv7e-m/libm.a(lib_a-s_round.o)
 .ARM.attributes
                0x0000000000000000       0x2e /usr/bin/../lib/gcc/arm-none-eabi/4.9.3/../../../../arm-none-eabi/lib/armv7e-m/libm.a(lib_a-s_round.o)

Memory Configuration

Name             Origin             Length             Attributes
FLASH            0x0000000008000000 0x0000000000100000 xr
RAM              0x0000000020000000 0x0000000000030000 xrw
MEMORY_B1        0x0000000060000000 0x0000000000000000 xr
*default*        0x0000000000000000 0xffffffffffffffff

Linker script and memory map

LOAD /usr/bin/../lib/gcc/arm-none-eabi/4.9.3/armv7e-m/crti.o
LOAD /usr/bin/../lib/gcc/arm-none-eabi/4.9.3/armv7e-m/crtbegin.o
LOAD /usr/bin/../lib/gcc/arm-none-eabi/4.9.3/../../../../arm-none-eabi/lib/armv7e-m/crt0.o
LOAD build/src/main.o
LOAD build/src/system_stm32f4xx.o
LOAD build/src/startup_stm32f4xx.o
LOAD build/src/uart.o
LOAD build/src/camera.o
LOAD build/src/picojpeg.o
START GROUP
LOAD /usr/bin/../lib/gcc/arm-none-eabi/4.9.3/armv7e-m/libgcc.a
LOAD /usr/bin/../lib/gcc/arm-none-eabi/4.9.3/../../../../arm-none-eabi/lib/armv7e-m/libg.a
LOAD /usr/bin/../lib/gcc/arm-none-eabi/4.9.3/../../../../arm-none-eabi/lib/armv7e-m/libc.a
END GROUP
START GROUP
LOAD /usr/bin/../lib/gcc/arm-none-eabi/4.9.3/armv7e-m/libgcc.a
LOAD /usr/bin/../lib/gcc/arm-none-eabi/4.9.3/../../../../arm-none-eabi/lib/armv7e-m/libc.a
LOAD /usr/bin/../lib/gcc/arm-none-eabi/4.9.3/../../../../arm-none-eabi/lib/armv7e-m/libnosys.a
END GROUP
LOAD /usr/bin/../lib/gcc/arm-none-eabi/4.9.3/armv7e-m/crtend.o
LOAD /usr/bin/../lib/gcc/arm-none-eabi/4.9.3/armv7e-m/crtn.o
                0x0000000020020000                _estack = 0x20020000
                0x0000000000000000                _Min_Heap_Size = 0x0
                0x0000000000000400                _Min_Stack_Size = 0x400

.isr_vector     0x0000000008000000      0x188
                0x0000000008000000                . = ALIGN (0x4)
 *(.isr_vector)
 .isr_vector    0x0000000008000000      0x188 build/src/startup_stm32f4xx.o
                0x0000000008000000                g_pfnVectors
                0x0000000008000188                . = ALIGN (0x4)

.text           0x0000000008000188     0x4dd0
                0x0000000008000188                . = ALIGN (0x4)
 *(.text)
 .text          0x0000000008000188        0x0 /usr/bin/../lib/gcc/arm-none-eabi/4.9.3/armv7e-m/crti.o
 .text          0x0000000008000188       0x5c /usr/bin/../lib/gcc/arm-none-eabi/4.9.3/armv7e-m/crtbegin.o
 .text          0x00000000080001e4       0x74 /usr/bin/../lib/gcc/arm-none-eabi/4.9.3/../../../../arm-none-eabi/lib/armv7e-m/crt0.o
                0x00000000080001e4                _mainCRTStartup
                0x00000000080001e4                _start
 .text          0x0000000008000258      0x284 build/src/main.o
                0x0000000008000258                main
                0x0000000008000340                readPictureBytes
 .text          0x00000000080004dc      0x244 build/src/system_stm32f4xx.o
                0x00000000080004dc                SystemInit
                0x0000000008000534                SystemCoreClockUpdate
 .text          0x0000000008000720       0x14 build/src/startup_stm32f4xx.o
 *fill*         0x0000000008000734        0x4 
 .text          0x0000000008000738      0x418 build/src/uart.o
                0x0000000008000738                initUart
                0x0000000008000ae4                sendByte
                0x0000000008000b04                readByte
                0x0000000008000b20                flagStatus
 .text          0x0000000008000b50      0x4ac build/src/camera.o
                0x0000000008000b50                initCameraUart
                0x0000000008000b74                sendCommand
                0x0000000008000c04                setBaudRate
                0x0000000008000cb0                systemReset
                0x0000000008000d04                readFbuf
                0x0000000008000d5c                getFbufLen
                0x0000000008000dc0                fbufControl
                0x0000000008000e18                setDownsize
                0x0000000008000e70                readNBytes
 .text          0x0000000008000ffc     0x3324 build/src/picojpeg.o
                0x0000000008004108                pjpeg_decode_mcu
                0x0000000008004170                pjpeg_decode_init
 .text          0x0000000008004320      0x370 /usr/bin/../lib/gcc/arm-none-eabi/4.9.3/armv7e-m/libgcc.a(_arm_addsubdf3.o)
                0x0000000008004320                __aeabi_drsub
                0x0000000008004328                __aeabi_dsub
                0x0000000008004328                __subdf3
                0x000000000800432c                __adddf3
                0x000000000800432c                __aeabi_dadd
                0x00000000080045a4                __aeabi_ui2d
                0x00000000080045a4                __floatunsidf
                0x00000000080045c4                __floatsidf
                0x00000000080045c4                __aeabi_i2d
                0x00000000080045e8                __extendsfdf2
                0x00000000080045e8                __aeabi_f2d
                0x0000000008004624                __aeabi_ul2d
                0x0000000008004624                __floatundidf
                0x0000000008004634                __floatdidf
                0x0000000008004634                __aeabi_l2d
 .text          0x0000000008004690      0x424 /usr/bin/../lib/gcc/arm-none-eabi/4.9.3/armv7e-m/libgcc.a(_arm_muldivdf3.o)
                0x0000000008004690                __aeabi_dmul
                0x0000000008004690                __muldf3
                0x00000000080048e4                __aeabi_ddiv
                0x00000000080048e4                __divdf3
 .text          0x0000000008004ab4       0x40 /usr/bin/../lib/gcc/arm-none-eabi/4.9.3/armv7e-m/libgcc.a(_arm_fixunsdfsi.o)
                0x0000000008004ab4                __fixunsdfsi
                0x0000000008004ab4                __aeabi_d2uiz
 .text          0x0000000008004af4        0x0 /usr/bin/../lib/gcc/arm-none-eabi/4.9.3/../../../../arm-none-eabi/lib/armv7e-m/libg.a(lib_a-exit.o)
 .text          0x0000000008004af4        0x0 /usr/bin/../lib/gcc/arm-none-eabi/4.9.3/../../../../arm-none-eabi/lib/armv7e-m/libg.a(lib_a-impure.o)
 .text          0x0000000008004af4        0x0 /usr/bin/../lib/gcc/arm-none-eabi/4.9.3/../../../../arm-none-eabi/lib/armv7e-m/libg.a(lib_a-init.o)
 .text          0x0000000008004af4        0x0 /usr/bin/../lib/gcc/arm-none-eabi/4.9.3/../../../../arm-none-eabi/lib/armv7e-m/libg.a(lib_a-memset.o)
 .text          0x0000000008004af4        0x0 /usr/bin/../lib/gcc/arm-none-eabi/4.9.3/../../../../arm-none-eabi/lib/armv7e-m/libg.a(lib_a-__call_atexit.o)
 .text          0x0000000008004af4        0x0 /usr/bin/../lib/gcc/arm-none-eabi/4.9.3/../../../../arm-none-eabi/lib/armv7e-m/libg.a(lib_a-atexit.o)
 .text          0x0000000008004af4        0x0 /usr/bin/../lib/gcc/arm-none-eabi/4.9.3/../../../../arm-none-eabi/lib/armv7e-m/libg.a(lib_a-fini.o)
 .text          0x0000000008004af4        0x0 /usr/bin/../lib/gcc/arm-none-eabi/4.9.3/../../../../arm-none-eabi/lib/armv7e-m/libg.a(lib_a-__atexit.o)
 .text          0x0000000008004af4        0x0 /usr/bin/../lib/gcc/arm-none-eabi/4.9.3/../../../../arm-none-eabi/lib/armv7e-m/libnosys.a(_exit.o)
 .text          0x0000000008004af4        0x0 /usr/bin/../lib/gcc/arm-none-eabi/4.9.3/armv7e-m/crtend.o
 .text          0x0000000008004af4        0x0 /usr/bin/../lib/gcc/arm-none-eabi/4.9.3/armv7e-m/crtn.o
 .text          0x0000000008004af4        0x0 /usr/bin/../lib/gcc/arm-none-eabi/4.9.3/../../../../arm-none-eabi/lib/armv7e-m/libm.a(lib_a-s_round.o)
 *(.text*)
 .text.Reset_Handler
                0x0000000008004af4       0x48 build/src/startup_stm32f4xx.o
                0x0000000008004af4                Reset_Handler
 .text.Default_Handler
                0x0000000008004b3c        0x2 build/src/startup_stm32f4xx.o
                0x0000000008004b3c                RTC_Alarm_IRQHandler
                0x0000000008004b3c                HASH_RNG_IRQHandler
                0x0000000008004b3c                EXTI2_IRQHandler
                0x0000000008004b3c                TIM8_CC_IRQHandler
                0x0000000008004b3c                DebugMon_Handler
                0x0000000008004b3c                TIM1_CC_IRQHandler
                0x0000000008004b3c                DMA2_Stream5_IRQHandler
                0x0000000008004b3c                HardFault_Handler
                0x0000000008004b3c                DMA1_Stream5_IRQHandler
                0x0000000008004b3c                SysTick_Handler
                0x0000000008004b3c                PVD_IRQHandler
                0x0000000008004b3c                SDIO_IRQHandler
                0x0000000008004b3c                TAMP_STAMP_IRQHandler
                0x0000000008004b3c                PendSV_Handler
                0x0000000008004b3c                NMI_Handler
                0x0000000008004b3c                CAN2_RX1_IRQHandler
                0x0000000008004b3c                EXTI3_IRQHandler
                0x0000000008004b3c                TIM8_TRG_COM_TIM14_IRQHandler
                0x0000000008004b3c                TIM1_UP_TIM10_IRQHandler
                0x0000000008004b3c                TIM8_UP_TIM13_IRQHandler
                0x0000000008004b3c                I2C3_ER_IRQHandler
                0x0000000008004b3c                EXTI0_IRQHandler
                0x0000000008004b3c                I2C2_EV_IRQHandler
                0x0000000008004b3c                DMA1_Stream2_IRQHandler
                0x0000000008004b3c                CAN1_RX0_IRQHandler
                0x0000000008004b3c                FPU_IRQHandler
                0x0000000008004b3c                OTG_HS_WKUP_IRQHandler
                0x0000000008004b3c                UsageFault_Handler
                0x0000000008004b3c                CAN2_SCE_IRQHandler
                0x0000000008004b3c                DMA2_Stream2_IRQHandler
                0x0000000008004b3c                SPI1_IRQHandler
                0x0000000008004b3c                TIM6_DAC_IRQHandler
                0x0000000008004b3c                TIM1_BRK_TIM9_IRQHandler
                0x0000000008004b3c                DCMI_IRQHandler
                0x0000000008004b3c                CAN2_RX0_IRQHandler
                0x0000000008004b3c                DMA2_Stream3_IRQHandler
                0x0000000008004b3c                USART6_IRQHandler
                0x0000000008004b3c                USART3_IRQHandler
                0x0000000008004b3c                CRYP_IRQHandler
                0x0000000008004b3c                CAN1_RX1_IRQHandler
                0x0000000008004b3c                UART5_IRQHandler
                0x0000000008004b3c                DMA2_Stream0_IRQHandler
                0x0000000008004b3c                TIM4_IRQHandler
                0x0000000008004b3c                I2C1_EV_IRQHandler
                0x0000000008004b3c                DMA1_Stream6_IRQHandler
                0x0000000008004b3c                DMA1_Stream1_IRQHandler
                0x0000000008004b3c                UART4_IRQHandler
                0x0000000008004b3c                TIM3_IRQHandler
                0x0000000008004b3c                RCC_IRQHandler
                0x0000000008004b3c                TIM8_BRK_TIM12_IRQHandler
                0x0000000008004b3c                Default_Handler
                0x0000000008004b3c                EXTI15_10_IRQHandler
                0x0000000008004b3c                ADC_IRQHandler
                0x0000000008004b3c                DMA1_Stream7_IRQHandler
                0x0000000008004b3c                TIM7_IRQHandler
                0x0000000008004b3c                CAN2_TX_IRQHandler
                0x0000000008004b3c                TIM5_IRQHandler
                0x0000000008004b3c                DMA2_Stream7_IRQHandler
                0x0000000008004b3c                I2C3_EV_IRQHandler
                0x0000000008004b3c                EXTI9_5_IRQHandler
                0x0000000008004b3c                RTC_WKUP_IRQHandler
                0x0000000008004b3c                ETH_WKUP_IRQHandler
                0x0000000008004b3c                SPI2_IRQHandler
                0x0000000008004b3c                OTG_HS_EP1_IN_IRQHandler
                0x0000000008004b3c                MemManage_Handler
                0x0000000008004b3c                DMA1_Stream0_IRQHandler
                0x0000000008004b3c                CAN1_TX_IRQHandler
                0x0000000008004b3c                SVC_Handler
                0x0000000008004b3c                EXTI4_IRQHandler
                0x0000000008004b3c                FSMC_IRQHandler
                0x0000000008004b3c                ETH_IRQHandler
                0x0000000008004b3c                OTG_HS_EP1_OUT_IRQHandler
                0x0000000008004b3c                WWDG_IRQHandler
                0x0000000008004b3c                TIM2_IRQHandler
                0x0000000008004b3c                OTG_FS_WKUP_IRQHandler
                0x0000000008004b3c                TIM1_TRG_COM_TIM11_IRQHandler
                0x0000000008004b3c                OTG_HS_IRQHandler
                0x0000000008004b3c                EXTI1_IRQHandler
                0x0000000008004b3c                USART2_IRQHandler
                0x0000000008004b3c                I2C2_ER_IRQHandler
                0x0000000008004b3c                DMA2_Stream1_IRQHandler
                0x0000000008004b3c                CAN1_SCE_IRQHandler
                0x0000000008004b3c                FLASH_IRQHandler
                0x0000000008004b3c                DMA2_Stream4_IRQHandler
                0x0000000008004b3c                BusFault_Handler
                0x0000000008004b3c                USART1_IRQHandler
                0x0000000008004b3c                OTG_FS_IRQHandler
                0x0000000008004b3c                SPI3_IRQHandler
                0x0000000008004b3c                DMA1_Stream4_IRQHandler
                0x0000000008004b3c                I2C1_ER_IRQHandler
                0x0000000008004b3c                DMA2_Stream6_IRQHandler
                0x0000000008004b3c                DMA1_Stream3_IRQHandler
 *fill*         0x0000000008004b3e        0x2 
 .text.exit     0x0000000008004b40       0x20 /usr/bin/../lib/gcc/arm-none-eabi/4.9.3/../../../../arm-none-eabi/lib/armv7e-m/libg.a(lib_a-exit.o)
                0x0000000008004b40                exit
 .text.__libc_init_array
                0x0000000008004b60       0x50 /usr/bin/../lib/gcc/arm-none-eabi/4.9.3/../../../../arm-none-eabi/lib/armv7e-m/libg.a(lib_a-init.o)
                0x0000000008004b60                __libc_init_array
 .text.memset   0x0000000008004bb0       0x9c /usr/bin/../lib/gcc/arm-none-eabi/4.9.3/../../../../arm-none-eabi/lib/armv7e-m/libg.a(lib_a-memset.o)
                0x0000000008004bb0                memset
 .text.startup.register_fini
                0x0000000008004c4c       0x14 /usr/bin/../lib/gcc/arm-none-eabi/4.9.3/../../../../arm-none-eabi/lib/armv7e-m/libg.a(lib_a-__call_atexit.o)
 .text.__call_exitprocs
                0x0000000008004c60       0xd4 /usr/bin/../lib/gcc/arm-none-eabi/4.9.3/../../../../arm-none-eabi/lib/armv7e-m/libg.a(lib_a-__call_atexit.o)
                0x0000000008004c60                __call_exitprocs
 .text.atexit   0x0000000008004d34        0xc /usr/bin/../lib/gcc/arm-none-eabi/4.9.3/../../../../arm-none-eabi/lib/armv7e-m/libg.a(lib_a-atexit.o)
                0x0000000008004d34                atexit
 .text.__libc_fini_array
                0x0000000008004d40       0x2c /usr/bin/../lib/gcc/arm-none-eabi/4.9.3/../../../../arm-none-eabi/lib/armv7e-m/libg.a(lib_a-fini.o)
                0x0000000008004d40                __libc_fini_array
 .text.__register_exitproc
                0x0000000008004d6c       0xa4 /usr/bin/../lib/gcc/arm-none-eabi/4.9.3/../../../../arm-none-eabi/lib/armv7e-m/libg.a(lib_a-__atexit.o)
                0x0000000008004d6c                __register_exitproc
 .text._exit    0x0000000008004e10        0x4 /usr/bin/../lib/gcc/arm-none-eabi/4.9.3/../../../../arm-none-eabi/lib/armv7e-m/libnosys.a(_exit.o)
                0x0000000008004e10                _exit
 .text.round    0x0000000008004e14       0xa0 /usr/bin/../lib/gcc/arm-none-eabi/4.9.3/../../../../arm-none-eabi/lib/armv7e-m/libm.a(lib_a-s_round.o)
                0x0000000008004e14                round
 *(.rodata)
 .rodata        0x0000000008004eb4       0x80 build/src/picojpeg.o
                0x0000000008004ef4                gWinogradQuant
 *(.rodata*)
 .rodata.str1.4
                0x0000000008004f34        0x4 /usr/bin/../lib/gcc/arm-none-eabi/4.9.3/../../../../arm-none-eabi/lib/armv7e-m/libg.a(lib_a-impure.o)
                                          0x2 (size before relaxing)
 .rodata._global_impure_ptr
                0x0000000008004f38        0x4 /usr/bin/../lib/gcc/arm-none-eabi/4.9.3/../../../../arm-none-eabi/lib/armv7e-m/libg.a(lib_a-impure.o)
                0x0000000008004f38                _global_impure_ptr
 *(.glue_7)
 .glue_7        0x0000000000000000        0x0 linker stubs
 *(.glue_7t)
 .glue_7t       0x0000000000000000        0x0 linker stubs
 *(.eh_frame)
 .eh_frame      0x0000000008004f3c        0x0 /usr/bin/../lib/gcc/arm-none-eabi/4.9.3/armv7e-m/crtbegin.o
 .eh_frame      0x0000000008004f3c        0x4 /usr/bin/../lib/gcc/arm-none-eabi/4.9.3/armv7e-m/crtend.o
 *(.init)
 .init          0x0000000008004f40        0x4 /usr/bin/../lib/gcc/arm-none-eabi/4.9.3/armv7e-m/crti.o
                0x0000000008004f40                _init
 .init          0x0000000008004f44        0x8 /usr/bin/../lib/gcc/arm-none-eabi/4.9.3/armv7e-m/crtn.o
 *(.fini)
 .fini          0x0000000008004f4c        0x4 /usr/bin/../lib/gcc/arm-none-eabi/4.9.3/armv7e-m/crti.o
                0x0000000008004f4c                _fini
 .fini          0x0000000008004f50        0x8 /usr/bin/../lib/gcc/arm-none-eabi/4.9.3/armv7e-m/crtn.o
                0x0000000008004f58                . = ALIGN (0x4)
                0x0000000008004f58                _etext = .

.vfp11_veneer   0x0000000008004f58        0x0
 .vfp11_veneer  0x0000000000000000        0x0 linker stubs

.v4_bx          0x0000000008004f58        0x0
 .v4_bx         0x0000000000000000        0x0 linker stubs

.iplt           0x0000000008004f58        0x0
 .iplt          0x0000000000000000        0x0 /usr/bin/../lib/gcc/arm-none-eabi/4.9.3/armv7e-m/crtbegin.o

.ARM.extab      0x0000000008004f58        0x0
 *(.ARM.extab* .gnu.linkonce.armextab.*)
 .ARM.extab     0x0000000008004f58        0x0 /usr/bin/../lib/gcc/arm-none-eabi/4.9.3/../../../../arm-none-eabi/lib/armv7e-m/crt0.o

.ARM            0x0000000008004f58        0x8
                0x0000000008004f58                __exidx_start = .
 *(.ARM.exidx*)
 .ARM.exidx     0x0000000008004f58        0x8 /usr/bin/../lib/gcc/arm-none-eabi/4.9.3/../../../../arm-none-eabi/lib/armv7e-m/crt0.o
                0x0000000008004f60                __exidx_end = .

.rel.dyn        0x0000000008004f60        0x0
 .rel.iplt      0x0000000000000000        0x0 /usr/bin/../lib/gcc/arm-none-eabi/4.9.3/armv7e-m/crtbegin.o

.preinit_array  0x0000000008004f60        0x0
                0x0000000008004f60                PROVIDE (__preinit_array_start, .)
 *(.preinit_array*)
                0x0000000008004f60                PROVIDE (__preinit_array_end, .)

.init_array     0x0000000008004f60        0x8
                0x0000000008004f60                PROVIDE (__init_array_start, .)
 *(SORT(.init_array.*))
 .init_array.00000
                0x0000000008004f60        0x4 /usr/bin/../lib/gcc/arm-none-eabi/4.9.3/../../../../arm-none-eabi/lib/armv7e-m/libg.a(lib_a-__call_atexit.o)
 *(.init_array*)
 .init_array    0x0000000008004f64        0x4 /usr/bin/../lib/gcc/arm-none-eabi/4.9.3/armv7e-m/crtbegin.o
                0x0000000008004f68                PROVIDE (__init_array_end, .)

.fini_array     0x0000000008004f68        0x4
                0x0000000008004f68                PROVIDE (__fini_array_start, .)
 *(.fini_array*)
 .fini_array    0x0000000008004f68        0x4 /usr/bin/../lib/gcc/arm-none-eabi/4.9.3/armv7e-m/crtbegin.o
 *(SORT(.fini_array.*))
                0x0000000008004f6c                PROVIDE (__fini_array_end, .)
                0x0000000008004f6c                _sidata = .

.data           0x0000000020000000      0x444 load address 0x0000000008004f6c
                0x0000000020000000                . = ALIGN (0x4)
                0x0000000020000000                _sdata = .
 *(.data)
 .data          0x0000000020000000        0x0 /usr/bin/../lib/gcc/arm-none-eabi/4.9.3/armv7e-m/crti.o
 .data          0x0000000020000000        0x4 /usr/bin/../lib/gcc/arm-none-eabi/4.9.3/armv7e-m/crtbegin.o
                0x0000000020000000                __dso_handle
 .data          0x0000000020000004        0x0 /usr/bin/../lib/gcc/arm-none-eabi/4.9.3/../../../../arm-none-eabi/lib/armv7e-m/crt0.o
 .data          0x0000000020000004        0x0 build/src/main.o
 .data          0x0000000020000004       0x14 build/src/system_stm32f4xx.o
                0x0000000020000004                SystemCoreClock
                0x0000000020000008                AHBPrescTable
 .data          0x0000000020000018        0x0 build/src/startup_stm32f4xx.o
 .data          0x0000000020000018        0x0 build/src/uart.o
 .data          0x0000000020000018        0x0 build/src/camera.o
 .data          0x0000000020000018        0x0 build/src/picojpeg.o
 .data          0x0000000020000018        0x0 /usr/bin/../lib/gcc/arm-none-eabi/4.9.3/armv7e-m/libgcc.a(_arm_addsubdf3.o)
 .data          0x0000000020000018        0x0 /usr/bin/../lib/gcc/arm-none-eabi/4.9.3/armv7e-m/libgcc.a(_arm_muldivdf3.o)
 .data          0x0000000020000018        0x0 /usr/bin/../lib/gcc/arm-none-eabi/4.9.3/armv7e-m/libgcc.a(_arm_fixunsdfsi.o)
 .data          0x0000000020000018        0x0 /usr/bin/../lib/gcc/arm-none-eabi/4.9.3/../../../../arm-none-eabi/lib/armv7e-m/libg.a(lib_a-exit.o)
 .data          0x0000000020000018        0x0 /usr/bin/../lib/gcc/arm-none-eabi/4.9.3/../../../../arm-none-eabi/lib/armv7e-m/libg.a(lib_a-impure.o)
 .data          0x0000000020000018        0x0 /usr/bin/../lib/gcc/arm-none-eabi/4.9.3/../../../../arm-none-eabi/lib/armv7e-m/libg.a(lib_a-init.o)
 .data          0x0000000020000018        0x0 /usr/bin/../lib/gcc/arm-none-eabi/4.9.3/../../../../arm-none-eabi/lib/armv7e-m/libg.a(lib_a-memset.o)
 .data          0x0000000020000018        0x0 /usr/bin/../lib/gcc/arm-none-eabi/4.9.3/../../../../arm-none-eabi/lib/armv7e-m/libg.a(lib_a-__call_atexit.o)
 .data          0x0000000020000018        0x0 /usr/bin/../lib/gcc/arm-none-eabi/4.9.3/../../../../arm-none-eabi/lib/armv7e-m/libg.a(lib_a-atexit.o)
 .data          0x0000000020000018        0x0 /usr/bin/../lib/gcc/arm-none-eabi/4.9.3/../../../../arm-none-eabi/lib/armv7e-m/libg.a(lib_a-fini.o)
 .data          0x0000000020000018        0x0 /usr/bin/../lib/gcc/arm-none-eabi/4.9.3/../../../../arm-none-eabi/lib/armv7e-m/libg.a(lib_a-__atexit.o)
 .data          0x0000000020000018        0x0 /usr/bin/../lib/gcc/arm-none-eabi/4.9.3/../../../../arm-none-eabi/lib/armv7e-m/libnosys.a(_exit.o)
 .data          0x0000000020000018        0x0 /usr/bin/../lib/gcc/arm-none-eabi/4.9.3/armv7e-m/crtend.o
 .data          0x0000000020000018        0x0 /usr/bin/../lib/gcc/arm-none-eabi/4.9.3/armv7e-m/crtn.o
 .data          0x0000000020000018        0x0 /usr/bin/../lib/gcc/arm-none-eabi/4.9.3/../../../../arm-none-eabi/lib/armv7e-m/libm.a(lib_a-s_round.o)
 *(.data*)
 .data.impure_data
                0x0000000020000018      0x428 /usr/bin/../lib/gcc/arm-none-eabi/4.9.3/../../../../arm-none-eabi/lib/armv7e-m/libg.a(lib_a-impure.o)
 .data._impure_ptr
                0x0000000020000440        0x4 /usr/bin/../lib/gcc/arm-none-eabi/4.9.3/../../../../arm-none-eabi/lib/armv7e-m/libg.a(lib_a-impure.o)
                0x0000000020000440                _impure_ptr
                0x0000000020000444                . = ALIGN (0x4)
                0x0000000020000444                _edata = .

.jcr            0x0000000020000444        0x4 load address 0x00000000080053b0
 .jcr           0x0000000020000444        0x0 /usr/bin/../lib/gcc/arm-none-eabi/4.9.3/armv7e-m/crtbegin.o
 .jcr           0x0000000020000444        0x4 /usr/bin/../lib/gcc/arm-none-eabi/4.9.3/armv7e-m/crtend.o

.igot.plt       0x0000000020000448        0x0 load address 0x00000000080053b4
 .igot.plt      0x0000000000000000        0x0 /usr/bin/../lib/gcc/arm-none-eabi/4.9.3/armv7e-m/crtbegin.o
                0x0000000020000448                . = ALIGN (0x4)

.bss            0x0000000020000448      0x9c0 load address 0x00000000080053b4
                0x0000000020000448                _sbss = .
                0x0000000020000448                __bss_start__ = _sbss
 *(.bss)
 .bss           0x0000000020000448        0x0 /usr/bin/../lib/gcc/arm-none-eabi/4.9.3/armv7e-m/crti.o
 .bss           0x0000000020000448       0x1c /usr/bin/../lib/gcc/arm-none-eabi/4.9.3/armv7e-m/crtbegin.o
 .bss           0x0000000020000464        0x0 /usr/bin/../lib/gcc/arm-none-eabi/4.9.3/../../../../arm-none-eabi/lib/armv7e-m/crt0.o
 .bss           0x0000000020000464        0x8 build/src/main.o
 .bss           0x000000002000046c        0x0 build/src/system_stm32f4xx.o
 .bss           0x000000002000046c        0x0 build/src/startup_stm32f4xx.o
 .bss           0x000000002000046c        0x0 build/src/uart.o
 .bss           0x000000002000046c       0x1a build/src/camera.o
 *fill*         0x0000000020000486        0x2 
 .bss           0x0000000020000488      0x93a build/src/picojpeg.o
 .bss           0x0000000020000dc2        0x0 /usr/bin/../lib/gcc/arm-none-eabi/4.9.3/armv7e-m/libgcc.a(_arm_addsubdf3.o)
 .bss           0x0000000020000dc2        0x0 /usr/bin/../lib/gcc/arm-none-eabi/4.9.3/armv7e-m/libgcc.a(_arm_muldivdf3.o)
 .bss           0x0000000020000dc2        0x0 /usr/bin/../lib/gcc/arm-none-eabi/4.9.3/armv7e-m/libgcc.a(_arm_fixunsdfsi.o)
 .bss           0x0000000020000dc2        0x0 /usr/bin/../lib/gcc/arm-none-eabi/4.9.3/../../../../arm-none-eabi/lib/armv7e-m/libg.a(lib_a-exit.o)
 .bss           0x0000000020000dc2        0x0 /usr/bin/../lib/gcc/arm-none-eabi/4.9.3/../../../../arm-none-eabi/lib/armv7e-m/libg.a(lib_a-impure.o)
 .bss           0x0000000020000dc2        0x0 /usr/bin/../lib/gcc/arm-none-eabi/4.9.3/../../../../arm-none-eabi/lib/armv7e-m/libg.a(lib_a-init.o)
 .bss           0x0000000020000dc2        0x0 /usr/bin/../lib/gcc/arm-none-eabi/4.9.3/../../../../arm-none-eabi/lib/armv7e-m/libg.a(lib_a-memset.o)
 .bss           0x0000000020000dc2        0x0 /usr/bin/../lib/gcc/arm-none-eabi/4.9.3/../../../../arm-none-eabi/lib/armv7e-m/libg.a(lib_a-__call_atexit.o)
 .bss           0x0000000020000dc2        0x0 /usr/bin/../lib/gcc/arm-none-eabi/4.9.3/../../../../arm-none-eabi/lib/armv7e-m/libg.a(lib_a-atexit.o)
 .bss           0x0000000020000dc2        0x0 /usr/bin/../lib/gcc/arm-none-eabi/4.9.3/../../../../arm-none-eabi/lib/armv7e-m/libg.a(lib_a-fini.o)
 .bss           0x0000000020000dc2        0x0 /usr/bin/../lib/gcc/arm-none-eabi/4.9.3/../../../../arm-none-eabi/lib/armv7e-m/libg.a(lib_a-__atexit.o)
 .bss           0x0000000020000dc2        0x0 /usr/bin/../lib/gcc/arm-none-eabi/4.9.3/../../../../arm-none-eabi/lib/armv7e-m/libnosys.a(_exit.o)
 .bss           0x0000000020000dc2        0x0 /usr/bin/../lib/gcc/arm-none-eabi/4.9.3/armv7e-m/crtend.o
 .bss           0x0000000020000dc2        0x0 /usr/bin/../lib/gcc/arm-none-eabi/4.9.3/armv7e-m/crtn.o
 .bss           0x0000000020000dc2        0x0 /usr/bin/../lib/gcc/arm-none-eabi/4.9.3/../../../../arm-none-eabi/lib/armv7e-m/libm.a(lib_a-s_round.o)
 *(.bss*)
 *(COMMON)
 *fill*         0x0000000020000dc2        0x2 
 COMMON         0x0000000020000dc4       0x44 build/src/main.o
                0x0000000020000dc4                response
                0x0000000020000dcc                mode
                0x0000000020000ddc                imageInfo
                0x0000000020000e08                . = ALIGN (0x4)
                0x0000000020000e08                _ebss = .
                0x0000000020000e08                __bss_end__ = _ebss

._user_heap_stack
                0x0000000020000e08      0x400 load address 0x0000000008005d74
                0x0000000020000e08                . = ALIGN (0x4)
                0x0000000020000e08                PROVIDE (end, .)
                0x0000000020000e08                PROVIDE (_end, .)
                0x0000000020000e08                . = (. + _Min_Heap_Size)
                0x0000000020001208                . = (. + _Min_Stack_Size)
 *fill*         0x0000000020000e08      0x400 
                0x0000000020001208                . = ALIGN (0x4)

.memory_b1_text
 *(.mb1text)
 *(.mb1text*)
 *(.mb1rodata)
 *(.mb1rodata*)

/DISCARD/
 libc.a(*)
 libm.a(*)
 libgcc.a(*)

.ARM.attributes
                0x0000000000000000       0x2a
 *(.ARM.attributes)
 .ARM.attributes
                0x0000000000000000       0x1e /usr/bin/../lib/gcc/arm-none-eabi/4.9.3/armv7e-m/crti.o
 .ARM.attributes
                0x000000000000001e       0x2e /usr/bin/../lib/gcc/arm-none-eabi/4.9.3/armv7e-m/crtbegin.o
 .ARM.attributes
                0x000000000000004c       0x1c /usr/bin/../lib/gcc/arm-none-eabi/4.9.3/../../../../arm-none-eabi/lib/armv7e-m/crt0.o
 .ARM.attributes
                0x0000000000000068       0x33 build/src/main.o
 .ARM.attributes
                0x000000000000009b       0x33 build/src/system_stm32f4xx.o
 .ARM.attributes
                0x00000000000000ce       0x21 build/src/startup_stm32f4xx.o
 .ARM.attributes
                0x00000000000000ef       0x33 build/src/uart.o
 .ARM.attributes
                0x0000000000000122       0x33 build/src/camera.o
 .ARM.attributes
                0x0000000000000155       0x33 build/src/picojpeg.o
 .ARM.attributes
                0x0000000000000188       0x1e /usr/bin/../lib/gcc/arm-none-eabi/4.9.3/armv7e-m/libgcc.a(_arm_addsubdf3.o)
 .ARM.attributes
                0x00000000000001a6       0x1e /usr/bin/../lib/gcc/arm-none-eabi/4.9.3/armv7e-m/libgcc.a(_arm_muldivdf3.o)
 .ARM.attributes
                0x00000000000001c4       0x1e /usr/bin/../lib/gcc/arm-none-eabi/4.9.3/armv7e-m/libgcc.a(_arm_fixunsdfsi.o)
 .ARM.attributes
                0x00000000000001e2       0x2e /usr/bin/../lib/gcc/arm-none-eabi/4.9.3/../../../../arm-none-eabi/lib/armv7e-m/libg.a(lib_a-exit.o)
 .ARM.attributes
                0x0000000000000210       0x2e /usr/bin/../lib/gcc/arm-none-eabi/4.9.3/../../../../arm-none-eabi/lib/armv7e-m/libg.a(lib_a-impure.o)
 .ARM.attributes
                0x000000000000023e       0x2e /usr/bin/../lib/gcc/arm-none-eabi/4.9.3/../../../../arm-none-eabi/lib/armv7e-m/libg.a(lib_a-init.o)
 .ARM.attributes
                0x000000000000026c       0x2e /usr/bin/../lib/gcc/arm-none-eabi/4.9.3/../../../../arm-none-eabi/lib/armv7e-m/libg.a(lib_a-memset.o)
 .ARM.attributes
                0x000000000000029a       0x2e /usr/bin/../lib/gcc/arm-none-eabi/4.9.3/../../../../arm-none-eabi/lib/armv7e-m/libg.a(lib_a-__call_atexit.o)
 .ARM.attributes
                0x00000000000002c8       0x2e /usr/bin/../lib/gcc/arm-none-eabi/4.9.3/../../../../arm-none-eabi/lib/armv7e-m/libg.a(lib_a-atexit.o)
 .ARM.attributes
                0x00000000000002f6       0x2e /usr/bin/../lib/gcc/arm-none-eabi/4.9.3/../../../../arm-none-eabi/lib/armv7e-m/libg.a(lib_a-fini.o)
 .ARM.attributes
                0x0000000000000324       0x2e /usr/bin/../lib/gcc/arm-none-eabi/4.9.3/../../../../arm-none-eabi/lib/armv7e-m/libg.a(lib_a-__atexit.o)
 .ARM.attributes
                0x0000000000000352       0x2e /usr/bin/../lib/gcc/arm-none-eabi/4.9.3/../../../../arm-none-eabi/lib/armv7e-m/libnosys.a(_exit.o)
 .ARM.attributes
                0x0000000000000380       0x2e /usr/bin/../lib/gcc/arm-none-eabi/4.9.3/armv7e-m/crtend.o
 .ARM.attributes
                0x00000000000003ae       0x1e /usr/bin/../lib/gcc/arm-none-eabi/4.9.3/armv7e-m/crtn.o
OUTPUT(build/main.elf elf32-littlearm)

.debug_info     0x0000000000000000     0x338c
 .debug_info    0x0000000000000000      0x3c5 build/src/main.o
 .debug_info    0x00000000000003c5      0x596 build/src/system_stm32f4xx.o
 .debug_info    0x000000000000095b       0x78 build/src/startup_stm32f4xx.o
 .debug_info    0x00000000000009d3      0x536 build/src/uart.o
 .debug_info    0x0000000000000f09      0x629 build/src/camera.o
 .debug_info    0x0000000000001532     0x1e5a build/src/picojpeg.o

.debug_abbrev   0x0000000000000000      0x751
 .debug_abbrev  0x0000000000000000      0x104 build/src/main.o
 .debug_abbrev  0x0000000000000104      0x138 build/src/system_stm32f4xx.o
 .debug_abbrev  0x000000000000023c       0x12 build/src/startup_stm32f4xx.o
 .debug_abbrev  0x000000000000024e      0x110 build/src/uart.o
 .debug_abbrev  0x000000000000035e      0x19d build/src/camera.o
 .debug_abbrev  0x00000000000004fb      0x256 build/src/picojpeg.o

.debug_aranges  0x0000000000000000       0xc8
 .debug_aranges
                0x0000000000000000       0x20 build/src/main.o
 .debug_aranges
                0x0000000000000020       0x20 build/src/system_stm32f4xx.o
 .debug_aranges
                0x0000000000000040       0x28 build/src/startup_stm32f4xx.o
 .debug_aranges
                0x0000000000000068       0x20 build/src/uart.o
 .debug_aranges
                0x0000000000000088       0x20 build/src/camera.o
 .debug_aranges
                0x00000000000000a8       0x20 build/src/picojpeg.o

.debug_line     0x0000000000000000     0x10ee
 .debug_line    0x0000000000000000      0x141 build/src/main.o
 .debug_line    0x0000000000000141      0x16c build/src/system_stm32f4xx.o
 .debug_line    0x00000000000002ad       0x74 build/src/startup_stm32f4xx.o
 .debug_line    0x0000000000000321      0x15b build/src/uart.o
 .debug_line    0x000000000000047c      0x1c6 build/src/camera.o
 .debug_line    0x0000000000000642      0xaac build/src/picojpeg.o

.debug_str      0x0000000000000000     0x1260
 .debug_str     0x0000000000000000      0x607 build/src/main.o
                                        0x678 (size before relaxing)
 .debug_str     0x0000000000000607      0x20f build/src/system_stm32f4xx.o
                                        0x3b9 (size before relaxing)
 .debug_str     0x0000000000000816       0xc2 build/src/uart.o
                                        0x381 (size before relaxing)
 .debug_str     0x00000000000008d8      0x13c build/src/camera.o
                                        0x3c7 (size before relaxing)
 .debug_str     0x0000000000000a14      0x84c build/src/picojpeg.o
                                        0xda1 (size before relaxing)

.comment        0x0000000000000000       0x70
 .comment       0x0000000000000000       0x70 build/src/main.o
                                         0x71 (size before relaxing)
 .comment       0x0000000000000000       0x71 build/src/system_stm32f4xx.o
 .comment       0x0000000000000000       0x71 build/src/uart.o
 .comment       0x0000000000000000       0x71 build/src/camera.o
 .comment       0x0000000000000000       0x71 build/src/picojpeg.o

.debug_frame    0x0000000000000000      0xe78
 .debug_frame   0x0000000000000000       0x58 build/src/main.o
 .debug_frame   0x0000000000000058       0x7c build/src/system_stm32f4xx.o
 .debug_frame   0x00000000000000d4       0xb0 build/src/uart.o
 .debug_frame   0x0000000000000184      0x2b4 build/src/camera.o
 .debug_frame   0x0000000000000438      0x8c0 build/src/picojpeg.o
 .debug_frame   0x0000000000000cf8       0x28 /usr/bin/../lib/gcc/arm-none-eabi/4.9.3/../../../../arm-none-eabi/lib/armv7e-m/libg.a(lib_a-exit.o)
 .debug_frame   0x0000000000000d20       0x2c /usr/bin/../lib/gcc/arm-none-eabi/4.9.3/../../../../arm-none-eabi/lib/armv7e-m/libg.a(lib_a-init.o)
 .debug_frame   0x0000000000000d4c       0x34 /usr/bin/../lib/gcc/arm-none-eabi/4.9.3/../../../../arm-none-eabi/lib/armv7e-m/libg.a(lib_a-memset.o)
 .debug_frame   0x0000000000000d80       0x50 /usr/bin/../lib/gcc/arm-none-eabi/4.9.3/../../../../arm-none-eabi/lib/armv7e-m/libg.a(lib_a-__call_atexit.o)
 .debug_frame   0x0000000000000dd0       0x20 /usr/bin/../lib/gcc/arm-none-eabi/4.9.3/../../../../arm-none-eabi/lib/armv7e-m/libg.a(lib_a-atexit.o)
 .debug_frame   0x0000000000000df0       0x34 /usr/bin/../lib/gcc/arm-none-eabi/4.9.3/../../../../arm-none-eabi/lib/armv7e-m/libg.a(lib_a-fini.o)
 .debug_frame   0x0000000000000e24       0x34 /usr/bin/../lib/gcc/arm-none-eabi/4.9.3/../../../../arm-none-eabi/lib/armv7e-m/libg.a(lib_a-__atexit.o)
 .debug_frame   0x0000000000000e58       0x20 /usr/bin/../lib/gcc/arm-none-eabi/4.9.3/../../../../arm-none-eabi/lib/armv7e-m/libnosys.a(_exit.o)

.debug_ranges   0x0000000000000000       0x38
 .debug_ranges  0x0000000000000000       0x20 build/src/startup_stm32f4xx.o
 .debug_ranges  0x0000000000000020       0x18 build/src/picojpeg.o
